
===========================================================================
report_checks -unconstrained
===========================================================================
======================= Fastest Corner ===================================

Startpoint: rst (input port clocked by clk)
Endpoint: _2764_ (recovery check against rising-edge clock clk)
Path Group: asynchronous
Path Type: max
Corner: Fastest

Fanout     Cap    Slew   Delay    Time   Description
-----------------------------------------------------------------------------
                          0.00    0.00   clock clk (rise edge)
                          0.00    0.00   clock network delay (propagated)
                          2.00    2.00 v input external delay
     8    0.06    0.10    0.07    2.07 v rst (in)
                                         rst (net)
                  0.10    0.00    2.07 v _2526_/A (sky130_fd_sc_hd__clkbuf_4)
    14    0.07    0.09    0.19    2.26 v _2526_/X (sky130_fd_sc_hd__clkbuf_4)
                                         _1260_ (net)
                  0.09    0.01    2.27 v _2560_/A (sky130_fd_sc_hd__buf_4)
    20    0.09    0.08    0.18    2.45 v _2560_/X (sky130_fd_sc_hd__buf_4)
                                         _1264_ (net)
                  0.09    0.01    2.46 v _2568_/A (sky130_fd_sc_hd__inv_2)
     1    0.00    0.03    0.05    2.51 ^ _2568_/Y (sky130_fd_sc_hd__inv_2)
                                         _0158_ (net)
                  0.03    0.00    2.51 ^ _2764_/RESET_B (sky130_fd_sc_hd__dfrtp_1)
                                  2.51   data arrival time

                         10.00   10.00   clock clk (rise edge)
                          0.00   10.00   clock source latency
     2    0.05    0.16    0.11   10.11 ^ clk (in)
                                         clk (net)
                  0.16    0.00   10.11 ^ clkbuf_0_clk/A (sky130_fd_sc_hd__clkbuf_16)
    32    0.20    0.16    0.20   10.30 ^ clkbuf_0_clk/X (sky130_fd_sc_hd__clkbuf_16)
                                         clknet_0_clk (net)
                  0.16    0.01   10.31 ^ clkbuf_4_2_0_clk/A (sky130_fd_sc_hd__clkbuf_8)
    13    0.05    0.08    0.14   10.45 ^ clkbuf_4_2_0_clk/X (sky130_fd_sc_hd__clkbuf_8)
                                         clknet_4_2_0_clk (net)
                  0.08    0.00   10.45 ^ _2764_/CLK (sky130_fd_sc_hd__dfrtp_1)
                         -0.25   10.20   clock uncertainty
                          0.00   10.20   clock reconvergence pessimism
                          0.15   10.35   library recovery time
                                 10.35   data required time
-----------------------------------------------------------------------------
                                 10.35   data required time
                                 -2.51   data arrival time
-----------------------------------------------------------------------------
                                  7.84   slack (MET)


Startpoint: control (input port clocked by clk)
Endpoint: instruction_tb[14] (output port clocked by clk)
Path Group: clk
Path Type: max
Corner: Fastest

Fanout     Cap    Slew   Delay    Time   Description
-----------------------------------------------------------------------------
                          0.00    0.00   clock clk (rise edge)
                          0.00    0.00   clock network delay (propagated)
                          2.00    2.00 ^ input external delay
     2    0.01    0.03    0.02    2.02 ^ control (in)
                                         control (net)
                  0.03    0.00    2.02 ^ input1/A (sky130_fd_sc_hd__buf_6)
    16    0.07    0.11    0.12    2.14 ^ input1/X (sky130_fd_sc_hd__buf_6)
                                         net1 (net)
                  0.11    0.02    2.15 ^ _1501_/C (sky130_fd_sc_hd__and4bb_1)
     1    0.01    0.06    0.14    2.29 ^ _1501_/X (sky130_fd_sc_hd__and4bb_1)
                                         _0475_ (net)
                  0.06    0.00    2.29 ^ _1502_/A (sky130_fd_sc_hd__buf_6)
     8    0.06    0.09    0.12    2.41 ^ _1502_/X (sky130_fd_sc_hd__buf_6)
                                         _0476_ (net)
                  0.09    0.00    2.42 ^ _1503_/A (sky130_fd_sc_hd__buf_4)
    10    0.04    0.09    0.13    2.55 ^ _1503_/X (sky130_fd_sc_hd__buf_4)
                                         _0477_ (net)
                  0.09    0.00    2.56 ^ _1504_/A (sky130_fd_sc_hd__clkbuf_4)
    20    0.07    0.17    0.21    2.77 ^ _1504_/X (sky130_fd_sc_hd__clkbuf_4)
                                         _0478_ (net)
                  0.17    0.01    2.77 ^ _1505_/A (sky130_fd_sc_hd__clkbuf_4)
    20    0.08    0.18    0.23    3.00 ^ _1505_/X (sky130_fd_sc_hd__clkbuf_4)
                                         _0479_ (net)
                  0.18    0.01    3.01 ^ _1506_/A (sky130_fd_sc_hd__clkbuf_4)
    20    0.08    0.19    0.24    3.25 ^ _1506_/X (sky130_fd_sc_hd__clkbuf_4)
                                         _0480_ (net)
                  0.19    0.02    3.27 ^ _1507_/A (sky130_fd_sc_hd__clkbuf_4)
    20    0.08    0.18    0.24    3.51 ^ _1507_/X (sky130_fd_sc_hd__clkbuf_4)
                                         _0481_ (net)
                  0.19    0.01    3.52 ^ _1508_/A (sky130_fd_sc_hd__clkbuf_4)
    10    0.05    0.12    0.19    3.71 ^ _1508_/X (sky130_fd_sc_hd__clkbuf_4)
                                         _0482_ (net)
                  0.12    0.00    3.71 ^ _1509_/A (sky130_fd_sc_hd__clkbuf_4)
    20    0.08    0.19    0.23    3.94 ^ _1509_/X (sky130_fd_sc_hd__clkbuf_4)
                                         _0483_ (net)
                  0.19    0.00    3.95 ^ _1956_/A (sky130_fd_sc_hd__buf_1)
     3    0.02    0.15    0.15    4.10 ^ _1956_/X (sky130_fd_sc_hd__buf_1)
                                         net52 (net)
                  0.15    0.00    4.10 ^ fanout139/A (sky130_fd_sc_hd__buf_4)
    20    0.10    0.20    0.22    4.32 ^ fanout139/X (sky130_fd_sc_hd__buf_4)
                                         net139 (net)
                  0.20    0.01    4.33 ^ _2347_/A (sky130_fd_sc_hd__or2_1)
     1    0.00    0.03    0.09    4.42 ^ _2347_/X (sky130_fd_sc_hd__or2_1)
                                         _1179_ (net)
                  0.03    0.00    4.42 ^ _2348_/A (sky130_fd_sc_hd__clkbuf_1)
     2    0.01    0.06    0.07    4.49 ^ _2348_/X (sky130_fd_sc_hd__clkbuf_1)
                                         net48 (net)
                  0.06    0.00    4.50 ^ _2874_/A (sky130_fd_sc_hd__clkbuf_1)
     1    0.00    0.03    0.06    4.55 ^ _2874_/X (sky130_fd_sc_hd__clkbuf_1)
                                         net46 (net)
                  0.03    0.00    4.55 ^ output46/A (sky130_fd_sc_hd__buf_2)
     1    0.03    0.13    0.14    4.70 ^ output46/X (sky130_fd_sc_hd__buf_2)
                                         instruction_tb[14] (net)
                  0.13    0.00    4.70 ^ instruction_tb[14] (out)
                                  4.70   data arrival time

                         10.00   10.00   clock clk (rise edge)
                          0.00   10.00   clock network delay (propagated)
                         -0.25    9.75   clock uncertainty
                          0.00    9.75   clock reconvergence pessimism
                         -2.00    7.75   output external delay
                                  7.75   data required time
-----------------------------------------------------------------------------
                                  7.75   data required time
                                 -4.70   data arrival time
-----------------------------------------------------------------------------
                                  3.05   slack (MET)



======================= Slowest Corner ===================================

Startpoint: rst (input port clocked by clk)
Endpoint: _2724_ (recovery check against rising-edge clock clk)
Path Group: asynchronous
Path Type: max
Corner: Slowest

Fanout     Cap    Slew   Delay    Time   Description
-----------------------------------------------------------------------------
                          0.00    0.00   clock clk (rise edge)
                          0.00    0.00   clock network delay (propagated)
                          2.00    2.00 v input external delay
     8    0.06    0.27    0.20    2.20 v rst (in)
                                         rst (net)
                  0.27    0.00    2.20 v _2489_/A (sky130_fd_sc_hd__dlymetal6s2s_1)
     8    0.04    0.35    0.64    2.84 v _2489_/X (sky130_fd_sc_hd__dlymetal6s2s_1)
                                         _1255_ (net)
                  0.35    0.00    2.84 v _2519_/A (sky130_fd_sc_hd__buf_2)
     6    0.04    0.19    0.52    3.36 v _2519_/X (sky130_fd_sc_hd__buf_2)
                                         _1259_ (net)
                  0.19    0.00    3.36 v _2523_/A (sky130_fd_sc_hd__inv_2)
     1    0.00    0.07    0.13    3.49 ^ _2523_/Y (sky130_fd_sc_hd__inv_2)
                                         _0118_ (net)
                  0.07    0.00    3.49 ^ _2724_/RESET_B (sky130_fd_sc_hd__dfrtp_1)
                                  3.49   data arrival time

                         10.00   10.00   clock clk (rise edge)
                          0.00   10.00   clock source latency
     2    0.05    0.34    0.22   10.22 ^ clk (in)
                                         clk (net)
                  0.34    0.00   10.22 ^ clkbuf_0_clk/A (sky130_fd_sc_hd__clkbuf_16)
    32    0.20    0.31    0.51   10.73 ^ clkbuf_0_clk/X (sky130_fd_sc_hd__clkbuf_16)
                                         clknet_0_clk (net)
                  0.31    0.01   10.74 ^ clkbuf_4_13_0_clk/A (sky130_fd_sc_hd__clkbuf_8)
    11    0.05    0.15    0.38   11.12 ^ clkbuf_4_13_0_clk/X (sky130_fd_sc_hd__clkbuf_8)
                                         clknet_4_13_0_clk (net)
                  0.15    0.00   11.12 ^ _2724_/CLK (sky130_fd_sc_hd__dfrtp_1)
                         -0.25   10.87   clock uncertainty
                          0.00   10.87   clock reconvergence pessimism
                          0.49   11.36   library recovery time
                                 11.36   data required time
-----------------------------------------------------------------------------
                                 11.36   data required time
                                 -3.49   data arrival time
-----------------------------------------------------------------------------
                                  7.87   slack (MET)


Startpoint: _2791_ (rising edge-triggered flip-flop clocked by clk)
Endpoint: _2722_ (rising edge-triggered flip-flop clocked by clk)
Path Group: clk
Path Type: max
Corner: Slowest

Fanout     Cap    Slew   Delay    Time   Description
-----------------------------------------------------------------------------
                          0.00    0.00   clock clk (rise edge)
                          0.00    0.00   clock source latency
     2    0.05    0.34    0.25    0.25 ^ clk (in)
                                         clk (net)
                  0.34    0.00    0.25 ^ clkbuf_0_clk/A (sky130_fd_sc_hd__clkbuf_16)
    32    0.20    0.31    0.56    0.81 ^ clkbuf_0_clk/X (sky130_fd_sc_hd__clkbuf_16)
                                         clknet_0_clk (net)
                  0.31    0.01    0.82 ^ clkbuf_4_0_0_clk/A (sky130_fd_sc_hd__clkbuf_8)
    17    0.06    0.17    0.43    1.25 ^ clkbuf_4_0_0_clk/X (sky130_fd_sc_hd__clkbuf_8)
                                         clknet_4_0_0_clk (net)
                  0.17    0.00    1.25 ^ _2791_/CLK (sky130_fd_sc_hd__dfrtp_1)
     2    0.01    0.15    0.79    2.04 ^ _2791_/Q (sky130_fd_sc_hd__dfrtp_1)
                                         net65 (net)
                  0.15    0.00    2.04 ^ fanout142/A (sky130_fd_sc_hd__buf_2)
    20    0.06    0.45    0.53    2.57 ^ fanout142/X (sky130_fd_sc_hd__buf_2)
                                         net142 (net)
                  0.45    0.00    2.58 ^ _1501_/B_N (sky130_fd_sc_hd__and4bb_1)
     1    0.01    0.10    0.61    3.18 v _1501_/X (sky130_fd_sc_hd__and4bb_1)
                                         _0475_ (net)
                  0.10    0.00    3.18 v _1502_/A (sky130_fd_sc_hd__buf_6)
     8    0.05    0.10    0.30    3.48 v _1502_/X (sky130_fd_sc_hd__buf_6)
                                         _0476_ (net)
                  0.10    0.00    3.48 v _1503_/A (sky130_fd_sc_hd__buf_4)
    10    0.04    0.11    0.34    3.82 v _1503_/X (sky130_fd_sc_hd__buf_4)
                                         _0477_ (net)
                  0.11    0.00    3.83 v _1504_/A (sky130_fd_sc_hd__clkbuf_4)
    20    0.07    0.26    0.46    4.29 v _1504_/X (sky130_fd_sc_hd__clkbuf_4)
                                         _0478_ (net)
                  0.26    0.01    4.29 v _1505_/A (sky130_fd_sc_hd__clkbuf_4)
    20    0.08    0.27    0.54    4.83 v _1505_/X (sky130_fd_sc_hd__clkbuf_4)
                                         _0479_ (net)
                  0.27    0.01    4.84 v _1506_/A (sky130_fd_sc_hd__clkbuf_4)
    20    0.08    0.29    0.56    5.40 v _1506_/X (sky130_fd_sc_hd__clkbuf_4)
                                         _0480_ (net)
                  0.29    0.00    5.40 v _1519_/A2 (sky130_fd_sc_hd__a22o_1)
     8    0.03    0.31    0.76    6.16 v _1519_/X (sky130_fd_sc_hd__a22o_1)
                                         net121 (net)
                  0.31    0.00    6.16 v _1877_/A (sky130_fd_sc_hd__or4_1)
     1    0.00    0.17    1.33    7.49 v _1877_/X (sky130_fd_sc_hd__or4_1)
                                         _0792_ (net)
                  0.17    0.00    7.49 v _1879_/C (sky130_fd_sc_hd__or4_1)
     1    0.01    0.22    1.26    8.75 v _1879_/X (sky130_fd_sc_hd__or4_1)
                                         _0794_ (net)
                  0.22    0.00    8.75 v _1880_/B (sky130_fd_sc_hd__nor2_2)
    12    0.05    0.85    0.77    9.52 ^ _1880_/Y (sky130_fd_sc_hd__nor2_2)
                                         _0795_ (net)
                  0.85    0.01    9.52 ^ _1883_/A (sky130_fd_sc_hd__buf_2)
    10    0.04    0.28    0.67   10.19 ^ _1883_/X (sky130_fd_sc_hd__buf_2)
                                         _0798_ (net)
                  0.28    0.00   10.19 ^ _1914_/B (sky130_fd_sc_hd__nand2_1)
     4    0.02    0.29    0.36   10.56 v _1914_/Y (sky130_fd_sc_hd__nand2_1)
                                         _0828_ (net)
                  0.29    0.00   10.56 v _1915_/A1 (sky130_fd_sc_hd__mux2_1)
     2    0.01    0.14    0.83   11.39 v _1915_/X (sky130_fd_sc_hd__mux2_1)
                                         _0829_ (net)
                  0.14    0.00   11.39 v _1916_/A1 (sky130_fd_sc_hd__mux2_1)
     2    0.01    0.13    0.75   12.14 v _1916_/X (sky130_fd_sc_hd__mux2_1)
                                         _0830_ (net)
                  0.13    0.00   12.14 v _2057_/B (sky130_fd_sc_hd__or2_2)
     3    0.03    0.21    0.84   12.97 v _2057_/X (sky130_fd_sc_hd__or2_2)
                                         _0961_ (net)
                  0.21    0.00   12.97 v _2058_/A1 (sky130_fd_sc_hd__mux2_1)
     2    0.01    0.21    0.89   13.86 v _2058_/X (sky130_fd_sc_hd__mux2_1)
                                         _0962_ (net)
                  0.21    0.00   13.86 v _2062_/A2 (sky130_fd_sc_hd__o221a_1)
     1    0.02    0.20    0.67   14.53 v _2062_/X (sky130_fd_sc_hd__o221a_1)
                                         _0966_ (net)
                  0.20    0.00   14.53 v _2063_/B1 (sky130_fd_sc_hd__o31ai_2)
     2    0.01    0.49    0.21   14.74 ^ _2063_/Y (sky130_fd_sc_hd__o31ai_2)
                                         _0967_ (net)
                  0.49    0.00   14.74 ^ _2064_/A1 (sky130_fd_sc_hd__mux2_1)
     1    0.00    0.10    0.43   15.18 ^ _2064_/X (sky130_fd_sc_hd__mux2_1)
                                         _0968_ (net)
                  0.10    0.00   15.18 ^ _2065_/A (sky130_fd_sc_hd__clkbuf_1)
     1    0.00    0.08    0.18   15.36 ^ _2065_/X (sky130_fd_sc_hd__clkbuf_1)
                                         _0300_ (net)
                  0.08    0.00   15.36 ^ _2722_/D (sky130_fd_sc_hd__dfrtp_1)
                                 15.36   data arrival time

                         10.00   10.00   clock clk (rise edge)
                          0.00   10.00   clock source latency
     2    0.05    0.34    0.22   10.22 ^ clk (in)
                                         clk (net)
                  0.34    0.00   10.22 ^ clkbuf_0_clk/A (sky130_fd_sc_hd__clkbuf_16)
    32    0.20    0.31    0.51   10.73 ^ clkbuf_0_clk/X (sky130_fd_sc_hd__clkbuf_16)
                                         clknet_0_clk (net)
                  0.31    0.01   10.74 ^ clkbuf_4_12_0_clk/A (sky130_fd_sc_hd__clkbuf_8)
    14    0.05    0.16    0.39   11.13 ^ clkbuf_4_12_0_clk/X (sky130_fd_sc_hd__clkbuf_8)
                                         clknet_4_12_0_clk (net)
                  0.16    0.00   11.13 ^ _2722_/CLK (sky130_fd_sc_hd__dfrtp_1)
                         -0.25   10.88   clock uncertainty
                          0.08   10.95   clock reconvergence pessimism
                         -0.12   10.83   library setup time
                                 10.83   data required time
-----------------------------------------------------------------------------
                                 10.83   data required time
                                -15.36   data arrival time
-----------------------------------------------------------------------------
                                 -4.52   slack (VIOLATED)



======================= Typical Corner ===================================

Startpoint: rst (input port clocked by clk)
Endpoint: _2699_ (recovery check against rising-edge clock clk)
Path Group: asynchronous
Path Type: max
Corner: Typical

Fanout     Cap    Slew   Delay    Time   Description
-----------------------------------------------------------------------------
                          0.00    0.00   clock clk (rise edge)
                          0.00    0.00   clock network delay (propagated)
                          2.00    2.00 v input external delay
     8    0.06    0.14    0.11    2.11 v rst (in)
                                         rst (net)
                  0.14    0.00    2.11 v _2489_/A (sky130_fd_sc_hd__dlymetal6s2s_1)
     8    0.04    0.18    0.31    2.42 v _2489_/X (sky130_fd_sc_hd__dlymetal6s2s_1)
                                         _1255_ (net)
                  0.18    0.00    2.42 v _2490_/A (sky130_fd_sc_hd__buf_2)
     6    0.04    0.10    0.26    2.68 v _2490_/X (sky130_fd_sc_hd__buf_2)
                                         _1256_ (net)
                  0.10    0.00    2.69 v _2495_/A (sky130_fd_sc_hd__inv_2)
     1    0.00    0.04    0.07    2.76 ^ _2495_/Y (sky130_fd_sc_hd__inv_2)
                                         _0093_ (net)
                  0.04    0.00    2.76 ^ _2699_/RESET_B (sky130_fd_sc_hd__dfrtp_1)
                                  2.76   data arrival time

                         10.00   10.00   clock clk (rise edge)
                          0.00   10.00   clock source latency
     2    0.05    0.21    0.14   10.14 ^ clk (in)
                                         clk (net)
                  0.21    0.00   10.14 ^ clkbuf_0_clk/A (sky130_fd_sc_hd__clkbuf_16)
    32    0.20    0.21    0.29   10.43 ^ clkbuf_0_clk/X (sky130_fd_sc_hd__clkbuf_16)
                                         clknet_0_clk (net)
                  0.21    0.01   10.44 ^ clkbuf_4_2_0_clk/A (sky130_fd_sc_hd__clkbuf_8)
    13    0.05    0.10    0.22   10.65 ^ clkbuf_4_2_0_clk/X (sky130_fd_sc_hd__clkbuf_8)
                                         clknet_4_2_0_clk (net)
                  0.10    0.00   10.65 ^ _2699_/CLK (sky130_fd_sc_hd__dfrtp_1)
                         -0.25   10.40   clock uncertainty
                          0.00   10.40   clock reconvergence pessimism
                          0.25   10.65   library recovery time
                                 10.65   data required time
-----------------------------------------------------------------------------
                                 10.65   data required time
                                 -2.76   data arrival time
-----------------------------------------------------------------------------
                                  7.90   slack (MET)


Startpoint: control (input port clocked by clk)
Endpoint: instruction_tb[14] (output port clocked by clk)
Path Group: clk
Path Type: max
Corner: Typical

Fanout     Cap    Slew   Delay    Time   Description
-----------------------------------------------------------------------------
                          0.00    0.00   clock clk (rise edge)
                          0.00    0.00   clock network delay (propagated)
                          2.00    2.00 ^ input external delay
     2    0.01    0.04    0.02    2.02 ^ control (in)
                                         control (net)
                  0.04    0.00    2.02 ^ input1/A (sky130_fd_sc_hd__buf_6)
    16    0.07    0.15    0.17    2.20 ^ input1/X (sky130_fd_sc_hd__buf_6)
                                         net1 (net)
                  0.15    0.02    2.21 ^ _1501_/C (sky130_fd_sc_hd__and4bb_1)
     1    0.01    0.08    0.24    2.45 ^ _1501_/X (sky130_fd_sc_hd__and4bb_1)
                                         _0475_ (net)
                  0.08    0.00    2.45 ^ _1502_/A (sky130_fd_sc_hd__buf_6)
     8    0.06    0.12    0.18    2.63 ^ _1502_/X (sky130_fd_sc_hd__buf_6)
                                         _0476_ (net)
                  0.12    0.00    2.63 ^ _1503_/A (sky130_fd_sc_hd__buf_4)
    10    0.04    0.12    0.20    2.84 ^ _1503_/X (sky130_fd_sc_hd__buf_4)
                                         _0477_ (net)
                  0.12    0.00    2.84 ^ _1504_/A (sky130_fd_sc_hd__clkbuf_4)
    20    0.07    0.22    0.30    3.14 ^ _1504_/X (sky130_fd_sc_hd__clkbuf_4)
                                         _0478_ (net)
                  0.22    0.01    3.15 ^ _1505_/A (sky130_fd_sc_hd__clkbuf_4)
    20    0.08    0.23    0.35    3.50 ^ _1505_/X (sky130_fd_sc_hd__clkbuf_4)
                                         _0479_ (net)
                  0.23    0.01    3.51 ^ _1506_/A (sky130_fd_sc_hd__clkbuf_4)
    20    0.08    0.25    0.36    3.87 ^ _1506_/X (sky130_fd_sc_hd__clkbuf_4)
                                         _0480_ (net)
                  0.25    0.02    3.88 ^ _1507_/A (sky130_fd_sc_hd__clkbuf_4)
    20    0.08    0.24    0.37    4.25 ^ _1507_/X (sky130_fd_sc_hd__clkbuf_4)
                                         _0481_ (net)
                  0.24    0.01    4.26 ^ _1508_/A (sky130_fd_sc_hd__clkbuf_4)
    10    0.05    0.15    0.30    4.55 ^ _1508_/X (sky130_fd_sc_hd__clkbuf_4)
                                         _0482_ (net)
                  0.15    0.00    4.56 ^ _1509_/A (sky130_fd_sc_hd__clkbuf_4)
    20    0.08    0.26    0.34    4.89 ^ _1509_/X (sky130_fd_sc_hd__clkbuf_4)
                                         _0483_ (net)
                  0.26    0.00    4.90 ^ _1956_/A (sky130_fd_sc_hd__buf_1)
     3    0.02    0.20    0.24    5.14 ^ _1956_/X (sky130_fd_sc_hd__buf_1)
                                         net52 (net)
                  0.20    0.00    5.14 ^ fanout139/A (sky130_fd_sc_hd__buf_4)
    20    0.10    0.27    0.33    5.47 ^ fanout139/X (sky130_fd_sc_hd__buf_4)
                                         net139 (net)
                  0.27    0.01    5.48 ^ _2347_/A (sky130_fd_sc_hd__or2_1)
     1    0.00    0.04    0.15    5.64 ^ _2347_/X (sky130_fd_sc_hd__or2_1)
                                         _1179_ (net)
                  0.04    0.00    5.64 ^ _2348_/A (sky130_fd_sc_hd__clkbuf_1)
     2    0.01    0.08    0.11    5.75 ^ _2348_/X (sky130_fd_sc_hd__clkbuf_1)
                                         net48 (net)
                  0.08    0.00    5.75 ^ _2874_/A (sky130_fd_sc_hd__clkbuf_1)
     1    0.00    0.04    0.09    5.84 ^ _2874_/X (sky130_fd_sc_hd__clkbuf_1)
                                         net46 (net)
                  0.04    0.00    5.84 ^ output46/A (sky130_fd_sc_hd__buf_2)
     1    0.03    0.17    0.21    6.05 ^ output46/X (sky130_fd_sc_hd__buf_2)
                                         instruction_tb[14] (net)
                  0.17    0.00    6.05 ^ instruction_tb[14] (out)
                                  6.05   data arrival time

                         10.00   10.00   clock clk (rise edge)
                          0.00   10.00   clock network delay (propagated)
                         -0.25    9.75   clock uncertainty
                          0.00    9.75   clock reconvergence pessimism
                         -2.00    7.75   output external delay
                                  7.75   data required time
-----------------------------------------------------------------------------
                                  7.75   data required time
                                 -6.05   data arrival time
-----------------------------------------------------------------------------
                                  1.70   slack (MET)




===========================================================================
report_checks --slack_max -0.01
============================================================================
======================= Fastest Corner ===================================

No paths found.

======================= Slowest Corner ===================================

Startpoint: _2791_ (rising edge-triggered flip-flop clocked by clk)
Endpoint: _2722_ (rising edge-triggered flip-flop clocked by clk)
Path Group: clk
Path Type: max
Corner: Slowest

Fanout     Cap    Slew   Delay    Time   Description
-----------------------------------------------------------------------------
                          0.00    0.00   clock clk (rise edge)
                          0.00    0.00   clock source latency
     2    0.05    0.34    0.25    0.25 ^ clk (in)
                                         clk (net)
                  0.34    0.00    0.25 ^ clkbuf_0_clk/A (sky130_fd_sc_hd__clkbuf_16)
    32    0.20    0.31    0.56    0.81 ^ clkbuf_0_clk/X (sky130_fd_sc_hd__clkbuf_16)
                                         clknet_0_clk (net)
                  0.31    0.01    0.82 ^ clkbuf_4_0_0_clk/A (sky130_fd_sc_hd__clkbuf_8)
    17    0.06    0.17    0.43    1.25 ^ clkbuf_4_0_0_clk/X (sky130_fd_sc_hd__clkbuf_8)
                                         clknet_4_0_0_clk (net)
                  0.17    0.00    1.25 ^ _2791_/CLK (sky130_fd_sc_hd__dfrtp_1)
     2    0.01    0.15    0.79    2.04 ^ _2791_/Q (sky130_fd_sc_hd__dfrtp_1)
                                         net65 (net)
                  0.15    0.00    2.04 ^ fanout142/A (sky130_fd_sc_hd__buf_2)
    20    0.06    0.45    0.53    2.57 ^ fanout142/X (sky130_fd_sc_hd__buf_2)
                                         net142 (net)
                  0.45    0.00    2.58 ^ _1501_/B_N (sky130_fd_sc_hd__and4bb_1)
     1    0.01    0.10    0.61    3.18 v _1501_/X (sky130_fd_sc_hd__and4bb_1)
                                         _0475_ (net)
                  0.10    0.00    3.18 v _1502_/A (sky130_fd_sc_hd__buf_6)
     8    0.05    0.10    0.30    3.48 v _1502_/X (sky130_fd_sc_hd__buf_6)
                                         _0476_ (net)
                  0.10    0.00    3.48 v _1503_/A (sky130_fd_sc_hd__buf_4)
    10    0.04    0.11    0.34    3.82 v _1503_/X (sky130_fd_sc_hd__buf_4)
                                         _0477_ (net)
                  0.11    0.00    3.83 v _1504_/A (sky130_fd_sc_hd__clkbuf_4)
    20    0.07    0.26    0.46    4.29 v _1504_/X (sky130_fd_sc_hd__clkbuf_4)
                                         _0478_ (net)
                  0.26    0.01    4.29 v _1505_/A (sky130_fd_sc_hd__clkbuf_4)
    20    0.08    0.27    0.54    4.83 v _1505_/X (sky130_fd_sc_hd__clkbuf_4)
                                         _0479_ (net)
                  0.27    0.01    4.84 v _1506_/A (sky130_fd_sc_hd__clkbuf_4)
    20    0.08    0.29    0.56    5.40 v _1506_/X (sky130_fd_sc_hd__clkbuf_4)
                                         _0480_ (net)
                  0.29    0.00    5.40 v _1519_/A2 (sky130_fd_sc_hd__a22o_1)
     8    0.03    0.31    0.76    6.16 v _1519_/X (sky130_fd_sc_hd__a22o_1)
                                         net121 (net)
                  0.31    0.00    6.16 v _1877_/A (sky130_fd_sc_hd__or4_1)
     1    0.00    0.17    1.33    7.49 v _1877_/X (sky130_fd_sc_hd__or4_1)
                                         _0792_ (net)
                  0.17    0.00    7.49 v _1879_/C (sky130_fd_sc_hd__or4_1)
     1    0.01    0.22    1.26    8.75 v _1879_/X (sky130_fd_sc_hd__or4_1)
                                         _0794_ (net)
                  0.22    0.00    8.75 v _1880_/B (sky130_fd_sc_hd__nor2_2)
    12    0.05    0.85    0.77    9.52 ^ _1880_/Y (sky130_fd_sc_hd__nor2_2)
                                         _0795_ (net)
                  0.85    0.01    9.52 ^ _1883_/A (sky130_fd_sc_hd__buf_2)
    10    0.04    0.28    0.67   10.19 ^ _1883_/X (sky130_fd_sc_hd__buf_2)
                                         _0798_ (net)
                  0.28    0.00   10.19 ^ _1914_/B (sky130_fd_sc_hd__nand2_1)
     4    0.02    0.29    0.36   10.56 v _1914_/Y (sky130_fd_sc_hd__nand2_1)
                                         _0828_ (net)
                  0.29    0.00   10.56 v _1915_/A1 (sky130_fd_sc_hd__mux2_1)
     2    0.01    0.14    0.83   11.39 v _1915_/X (sky130_fd_sc_hd__mux2_1)
                                         _0829_ (net)
                  0.14    0.00   11.39 v _1916_/A1 (sky130_fd_sc_hd__mux2_1)
     2    0.01    0.13    0.75   12.14 v _1916_/X (sky130_fd_sc_hd__mux2_1)
                                         _0830_ (net)
                  0.13    0.00   12.14 v _2057_/B (sky130_fd_sc_hd__or2_2)
     3    0.03    0.21    0.84   12.97 v _2057_/X (sky130_fd_sc_hd__or2_2)
                                         _0961_ (net)
                  0.21    0.00   12.97 v _2058_/A1 (sky130_fd_sc_hd__mux2_1)
     2    0.01    0.21    0.89   13.86 v _2058_/X (sky130_fd_sc_hd__mux2_1)
                                         _0962_ (net)
                  0.21    0.00   13.86 v _2062_/A2 (sky130_fd_sc_hd__o221a_1)
     1    0.02    0.20    0.67   14.53 v _2062_/X (sky130_fd_sc_hd__o221a_1)
                                         _0966_ (net)
                  0.20    0.00   14.53 v _2063_/B1 (sky130_fd_sc_hd__o31ai_2)
     2    0.01    0.49    0.21   14.74 ^ _2063_/Y (sky130_fd_sc_hd__o31ai_2)
                                         _0967_ (net)
                  0.49    0.00   14.74 ^ _2064_/A1 (sky130_fd_sc_hd__mux2_1)
     1    0.00    0.10    0.43   15.18 ^ _2064_/X (sky130_fd_sc_hd__mux2_1)
                                         _0968_ (net)
                  0.10    0.00   15.18 ^ _2065_/A (sky130_fd_sc_hd__clkbuf_1)
     1    0.00    0.08    0.18   15.36 ^ _2065_/X (sky130_fd_sc_hd__clkbuf_1)
                                         _0300_ (net)
                  0.08    0.00   15.36 ^ _2722_/D (sky130_fd_sc_hd__dfrtp_1)
                                 15.36   data arrival time

                         10.00   10.00   clock clk (rise edge)
                          0.00   10.00   clock source latency
     2    0.05    0.34    0.22   10.22 ^ clk (in)
                                         clk (net)
                  0.34    0.00   10.22 ^ clkbuf_0_clk/A (sky130_fd_sc_hd__clkbuf_16)
    32    0.20    0.31    0.51   10.73 ^ clkbuf_0_clk/X (sky130_fd_sc_hd__clkbuf_16)
                                         clknet_0_clk (net)
                  0.31    0.01   10.74 ^ clkbuf_4_12_0_clk/A (sky130_fd_sc_hd__clkbuf_8)
    14    0.05    0.16    0.39   11.13 ^ clkbuf_4_12_0_clk/X (sky130_fd_sc_hd__clkbuf_8)
                                         clknet_4_12_0_clk (net)
                  0.16    0.00   11.13 ^ _2722_/CLK (sky130_fd_sc_hd__dfrtp_1)
                         -0.25   10.88   clock uncertainty
                          0.08   10.95   clock reconvergence pessimism
                         -0.12   10.83   library setup time
                                 10.83   data required time
-----------------------------------------------------------------------------
                                 10.83   data required time
                                -15.36   data arrival time
-----------------------------------------------------------------------------
                                 -4.52   slack (VIOLATED)



======================= Typical Corner ===================================

No paths found.


===========================================================================
 report_check_types -max_slew -max_cap -max_fanout -violators
============================================================================
======================= Fastest Corner ===================================

max fanout

Pin                                   Limit Fanout  Slack
---------------------------------------------------------
clkbuf_0_clk/X                           10     32    -22 (VIOLATED)
clkbuf_4_3_0_clk/X                       10     28    -18 (VIOLATED)
clkbuf_4_7_0_clk/X                       10     24    -14 (VIOLATED)
_1354_/X                                 10     20    -10 (VIOLATED)
_1360_/X                                 10     20    -10 (VIOLATED)
_1386_/X                                 10     20    -10 (VIOLATED)
_1430_/Y                                 10     20    -10 (VIOLATED)
_1499_/X                                 10     20    -10 (VIOLATED)
_1504_/X                                 10     20    -10 (VIOLATED)
_1505_/X                                 10     20    -10 (VIOLATED)
_1506_/X                                 10     20    -10 (VIOLATED)
_1507_/X                                 10     20    -10 (VIOLATED)
_1509_/X                                 10     20    -10 (VIOLATED)
_1518_/X                                 10     20    -10 (VIOLATED)
_1638_/X                                 10     20    -10 (VIOLATED)
_1696_/Y                                 10     20    -10 (VIOLATED)
_1872_/X                                 10     20    -10 (VIOLATED)
_1901_/X                                 10     20    -10 (VIOLATED)
_1920_/X                                 10     20    -10 (VIOLATED)
_1926_/X                                 10     20    -10 (VIOLATED)
_1928_/X                                 10     20    -10 (VIOLATED)
_1936_/X                                 10     20    -10 (VIOLATED)
_1960_/X                                 10     20    -10 (VIOLATED)
_2066_/X                                 10     20    -10 (VIOLATED)
_2117_/X                                 10     20    -10 (VIOLATED)
_2128_/X                                 10     20    -10 (VIOLATED)
_2270_/X                                 10     20    -10 (VIOLATED)
_2527_/X                                 10     20    -10 (VIOLATED)
_2560_/X                                 10     20    -10 (VIOLATED)
_2571_/X                                 10     20    -10 (VIOLATED)
fanout139/X                              10     20    -10 (VIOLATED)
fanout140/X                              10     20    -10 (VIOLATED)
fanout142/X                              10     20    -10 (VIOLATED)
clkbuf_4_5_0_clk/X                       10     19     -9 (VIOLATED)
_1697_/Y                                 10     18     -8 (VIOLATED)
_2830_/Q                                 10     18     -8 (VIOLATED)
_2831_/Q                                 10     18     -8 (VIOLATED)
clkbuf_4_0_0_clk/X                       10     17     -7 (VIOLATED)
clkbuf_4_1_0_clk/X                       10     17     -7 (VIOLATED)
_1349_/X                                 10     16     -6 (VIOLATED)
_1350_/Y                                 10     16     -6 (VIOLATED)
_1875_/X                                 10     16     -6 (VIOLATED)
_2359_/X                                 10     16     -6 (VIOLATED)
input1/X                                 10     16     -6 (VIOLATED)
clkbuf_4_4_0_clk/X                       10     15     -5 (VIOLATED)
_2355_/X                                 10     14     -4 (VIOLATED)
_2526_/X                                 10     14     -4 (VIOLATED)
clkbuf_4_12_0_clk/X                      10     14     -4 (VIOLATED)
clkbuf_4_14_0_clk/X                      10     14     -4 (VIOLATED)
clkbuf_4_2_0_clk/X                       10     13     -3 (VIOLATED)
clkbuf_4_6_0_clk/X                       10     13     -3 (VIOLATED)
_1756_/X                                 10     12     -2 (VIOLATED)
_1820_/X                                 10     12     -2 (VIOLATED)
_1855_/X                                 10     12     -2 (VIOLATED)
_1880_/Y                                 10     12     -2 (VIOLATED)
clkbuf_4_11_0_clk/X                      10     11        (VIOLATED)
clkbuf_4_13_0_clk/X                      10     11        (VIOLATED)


max slew violations count Fastest: 0
max fanout violations count Fastest: 57
max cap violations count Fastest: 0
======================= Slowest Corner ===================================

max slew

Pin                                    Limit    Slew   Slack
------------------------------------------------------------
_2033_/A                                0.75    0.97   -0.22 (VIOLATED)
ANTENNA__2033__A/DIODE                  0.75    0.97   -0.22 (VIOLATED)
_2001_/B1                               0.75    0.97   -0.22 (VIOLATED)
ANTENNA__2001__B1/DIODE                 0.75    0.97   -0.22 (VIOLATED)
_1697_/A                                0.75    0.97   -0.22 (VIOLATED)
ANTENNA__1697__A/DIODE                  0.75    0.97   -0.22 (VIOLATED)
_2112_/B1                               0.75    0.97   -0.22 (VIOLATED)
ANTENNA__2112__B1/DIODE                 0.75    0.97   -0.22 (VIOLATED)
_2151_/A                                0.75    0.97   -0.22 (VIOLATED)
ANTENNA__2151__A/DIODE                  0.75    0.97   -0.22 (VIOLATED)
_2157_/B1                               0.75    0.97   -0.22 (VIOLATED)
ANTENNA__2157__B1/DIODE                 0.75    0.97   -0.22 (VIOLATED)
_2208_/B1                               0.75    0.97   -0.22 (VIOLATED)
ANTENNA__2208__B1/DIODE                 0.75    0.97   -0.22 (VIOLATED)
ANTENNA__2228__B1/DIODE                 0.75    0.97   -0.22 (VIOLATED)
_2228_/B1                               0.75    0.97   -0.22 (VIOLATED)
_2240_/B1                               0.75    0.97   -0.22 (VIOLATED)
ANTENNA__2240__B1/DIODE                 0.75    0.97   -0.22 (VIOLATED)
_1872_/A                                0.75    0.97   -0.22 (VIOLATED)
ANTENNA__1872__A/DIODE                  0.75    0.97   -0.22 (VIOLATED)
_1696_/Y                                0.75    0.97   -0.22 (VIOLATED)
ANTENNA__1681__A1/DIODE                 0.75    0.91   -0.16 (VIOLATED)
ANTENNA__1687__A1/DIODE                 0.75    0.91   -0.16 (VIOLATED)
_1681_/A1                               0.75    0.91   -0.16 (VIOLATED)
_1687_/A1                               0.75    0.91   -0.16 (VIOLATED)
_1693_/B1                               0.75    0.91   -0.16 (VIOLATED)
ANTENNA__1693__B1/DIODE                 0.75    0.91   -0.16 (VIOLATED)
ANTENNA__1712__A1/DIODE                 0.75    0.91   -0.16 (VIOLATED)
_1712_/A1                               0.75    0.91   -0.16 (VIOLATED)
_1719_/A                                0.75    0.91   -0.16 (VIOLATED)
ANTENNA__1351__A/DIODE                  0.75    0.91   -0.16 (VIOLATED)
_1351_/A                                0.75    0.91   -0.16 (VIOLATED)
ANTENNA__1719__A/DIODE                  0.75    0.91   -0.16 (VIOLATED)
_1621_/B1                               0.75    0.91   -0.16 (VIOLATED)
ANTENNA__1621__B1/DIODE                 0.75    0.91   -0.16 (VIOLATED)
_1632_/B1                               0.75    0.91   -0.16 (VIOLATED)
ANTENNA__1632__B1/DIODE                 0.75    0.91   -0.16 (VIOLATED)
_1350_/Y                                0.75    0.91   -0.16 (VIOLATED)
_1881_/A                                0.75    0.85   -0.10 (VIOLATED)
ANTENNA__1881__A/DIODE                  0.75    0.85   -0.10 (VIOLATED)
_1883_/A                                0.75    0.85   -0.10 (VIOLATED)
ANTENNA__1883__A/DIODE                  0.75    0.85   -0.10 (VIOLATED)
_1897_/B                                0.75    0.85   -0.10 (VIOLATED)
ANTENNA__1897__B/DIODE                  0.75    0.85   -0.10 (VIOLATED)
_1903_/B                                0.75    0.85   -0.10 (VIOLATED)
ANTENNA__1903__B/DIODE                  0.75    0.85   -0.10 (VIOLATED)
_1907_/B                                0.75    0.85   -0.10 (VIOLATED)
ANTENNA__1907__B/DIODE                  0.75    0.85   -0.10 (VIOLATED)
_1910_/B                                0.75    0.85   -0.10 (VIOLATED)
ANTENNA__1910__B/DIODE                  0.75    0.85   -0.10 (VIOLATED)
_1880_/Y                                0.75    0.85   -0.10 (VIOLATED)

max fanout

Pin                                   Limit Fanout  Slack
---------------------------------------------------------
clkbuf_0_clk/X                           10     32    -22 (VIOLATED)
clkbuf_4_3_0_clk/X                       10     28    -18 (VIOLATED)
clkbuf_4_7_0_clk/X                       10     24    -14 (VIOLATED)
_1354_/X                                 10     20    -10 (VIOLATED)
_1360_/X                                 10     20    -10 (VIOLATED)
_1386_/X                                 10     20    -10 (VIOLATED)
_1430_/Y                                 10     20    -10 (VIOLATED)
_1499_/X                                 10     20    -10 (VIOLATED)
_1504_/X                                 10     20    -10 (VIOLATED)
_1505_/X                                 10     20    -10 (VIOLATED)
_1506_/X                                 10     20    -10 (VIOLATED)
_1507_/X                                 10     20    -10 (VIOLATED)
_1509_/X                                 10     20    -10 (VIOLATED)
_1518_/X                                 10     20    -10 (VIOLATED)
_1638_/X                                 10     20    -10 (VIOLATED)
_1696_/Y                                 10     20    -10 (VIOLATED)
_1872_/X                                 10     20    -10 (VIOLATED)
_1901_/X                                 10     20    -10 (VIOLATED)
_1920_/X                                 10     20    -10 (VIOLATED)
_1926_/X                                 10     20    -10 (VIOLATED)
_1928_/X                                 10     20    -10 (VIOLATED)
_1936_/X                                 10     20    -10 (VIOLATED)
_1960_/X                                 10     20    -10 (VIOLATED)
_2066_/X                                 10     20    -10 (VIOLATED)
_2117_/X                                 10     20    -10 (VIOLATED)
_2128_/X                                 10     20    -10 (VIOLATED)
_2270_/X                                 10     20    -10 (VIOLATED)
_2527_/X                                 10     20    -10 (VIOLATED)
_2560_/X                                 10     20    -10 (VIOLATED)
_2571_/X                                 10     20    -10 (VIOLATED)
fanout139/X                              10     20    -10 (VIOLATED)
fanout140/X                              10     20    -10 (VIOLATED)
fanout142/X                              10     20    -10 (VIOLATED)
clkbuf_4_5_0_clk/X                       10     19     -9 (VIOLATED)
_1697_/Y                                 10     18     -8 (VIOLATED)
_2830_/Q                                 10     18     -8 (VIOLATED)
_2831_/Q                                 10     18     -8 (VIOLATED)
clkbuf_4_0_0_clk/X                       10     17     -7 (VIOLATED)
clkbuf_4_1_0_clk/X                       10     17     -7 (VIOLATED)
_1349_/X                                 10     16     -6 (VIOLATED)
_1350_/Y                                 10     16     -6 (VIOLATED)
_1875_/X                                 10     16     -6 (VIOLATED)
_2359_/X                                 10     16     -6 (VIOLATED)
input1/X                                 10     16     -6 (VIOLATED)
clkbuf_4_4_0_clk/X                       10     15     -5 (VIOLATED)
_2355_/X                                 10     14     -4 (VIOLATED)
_2526_/X                                 10     14     -4 (VIOLATED)
clkbuf_4_12_0_clk/X                      10     14     -4 (VIOLATED)
clkbuf_4_14_0_clk/X                      10     14     -4 (VIOLATED)
clkbuf_4_2_0_clk/X                       10     13     -3 (VIOLATED)
clkbuf_4_6_0_clk/X                       10     13     -3 (VIOLATED)
_1756_/X                                 10     12     -2 (VIOLATED)
_1820_/X                                 10     12     -2 (VIOLATED)
_1855_/X                                 10     12     -2 (VIOLATED)
_1880_/Y                                 10     12     -2 (VIOLATED)
clkbuf_4_11_0_clk/X                      10     11        (VIOLATED)
clkbuf_4_13_0_clk/X                      10     11        (VIOLATED)


max slew violations count Slowest: 51
max fanout violations count Slowest: 57
max cap violations count Slowest: 0
======================= Typical Corner ===================================

max fanout

Pin                                   Limit Fanout  Slack
---------------------------------------------------------
clkbuf_0_clk/X                           10     32    -22 (VIOLATED)
clkbuf_4_3_0_clk/X                       10     28    -18 (VIOLATED)
clkbuf_4_7_0_clk/X                       10     24    -14 (VIOLATED)
_1354_/X                                 10     20    -10 (VIOLATED)
_1360_/X                                 10     20    -10 (VIOLATED)
_1386_/X                                 10     20    -10 (VIOLATED)
_1430_/Y                                 10     20    -10 (VIOLATED)
_1499_/X                                 10     20    -10 (VIOLATED)
_1504_/X                                 10     20    -10 (VIOLATED)
_1505_/X                                 10     20    -10 (VIOLATED)
_1506_/X                                 10     20    -10 (VIOLATED)
_1507_/X                                 10     20    -10 (VIOLATED)
_1509_/X                                 10     20    -10 (VIOLATED)
_1518_/X                                 10     20    -10 (VIOLATED)
_1638_/X                                 10     20    -10 (VIOLATED)
_1696_/Y                                 10     20    -10 (VIOLATED)
_1872_/X                                 10     20    -10 (VIOLATED)
_1901_/X                                 10     20    -10 (VIOLATED)
_1920_/X                                 10     20    -10 (VIOLATED)
_1926_/X                                 10     20    -10 (VIOLATED)
_1928_/X                                 10     20    -10 (VIOLATED)
_1936_/X                                 10     20    -10 (VIOLATED)
_1960_/X                                 10     20    -10 (VIOLATED)
_2066_/X                                 10     20    -10 (VIOLATED)
_2117_/X                                 10     20    -10 (VIOLATED)
_2128_/X                                 10     20    -10 (VIOLATED)
_2270_/X                                 10     20    -10 (VIOLATED)
_2527_/X                                 10     20    -10 (VIOLATED)
_2560_/X                                 10     20    -10 (VIOLATED)
_2571_/X                                 10     20    -10 (VIOLATED)
fanout139/X                              10     20    -10 (VIOLATED)
fanout140/X                              10     20    -10 (VIOLATED)
fanout142/X                              10     20    -10 (VIOLATED)
clkbuf_4_5_0_clk/X                       10     19     -9 (VIOLATED)
_1697_/Y                                 10     18     -8 (VIOLATED)
_2830_/Q                                 10     18     -8 (VIOLATED)
_2831_/Q                                 10     18     -8 (VIOLATED)
clkbuf_4_0_0_clk/X                       10     17     -7 (VIOLATED)
clkbuf_4_1_0_clk/X                       10     17     -7 (VIOLATED)
_1349_/X                                 10     16     -6 (VIOLATED)
_1350_/Y                                 10     16     -6 (VIOLATED)
_1875_/X                                 10     16     -6 (VIOLATED)
_2359_/X                                 10     16     -6 (VIOLATED)
input1/X                                 10     16     -6 (VIOLATED)
clkbuf_4_4_0_clk/X                       10     15     -5 (VIOLATED)
_2355_/X                                 10     14     -4 (VIOLATED)
_2526_/X                                 10     14     -4 (VIOLATED)
clkbuf_4_12_0_clk/X                      10     14     -4 (VIOLATED)
clkbuf_4_14_0_clk/X                      10     14     -4 (VIOLATED)
clkbuf_4_2_0_clk/X                       10     13     -3 (VIOLATED)
clkbuf_4_6_0_clk/X                       10     13     -3 (VIOLATED)
_1756_/X                                 10     12     -2 (VIOLATED)
_1820_/X                                 10     12     -2 (VIOLATED)
_1855_/X                                 10     12     -2 (VIOLATED)
_1880_/Y                                 10     12     -2 (VIOLATED)
clkbuf_4_11_0_clk/X                      10     11        (VIOLATED)
clkbuf_4_13_0_clk/X                      10     11        (VIOLATED)


max slew violations count Typical: 0
max fanout violations count Typical: 57
max cap violations count Typical: 0

===========================================================================
report_parasitic_annotation -report_unannotated
============================================================================
Found 55 unannotated drivers.
 _2871__182/HI
 _2872__180/HI
 clkload0/Y
 clkload1/Y
 clkload10/Y
 clkload11/Y
 clkload12/Y
 clkload13/Y
 clkload14/Y
 clkload2/Y
 clkload3/Y
 clkload4/Y
 clkload5/Y
 clkload6/Y
 clkload7/Y
 clkload8/Y
 clkload9/Y
 semi_cpu_top_143/HI
 semi_cpu_top_144/HI
 semi_cpu_top_145/HI
 semi_cpu_top_146/HI
 semi_cpu_top_147/HI
 semi_cpu_top_148/HI
 semi_cpu_top_149/HI
 semi_cpu_top_150/HI
 semi_cpu_top_151/HI
 semi_cpu_top_152/HI
 semi_cpu_top_153/HI
 semi_cpu_top_154/HI
 semi_cpu_top_155/HI
 semi_cpu_top_156/HI
 semi_cpu_top_157/HI
 semi_cpu_top_158/HI
 semi_cpu_top_159/HI
 semi_cpu_top_160/HI
 semi_cpu_top_161/HI
 semi_cpu_top_162/HI
 semi_cpu_top_163/HI
 semi_cpu_top_164/HI
 semi_cpu_top_165/HI
 semi_cpu_top_166/HI
 semi_cpu_top_167/HI
 semi_cpu_top_168/HI
 semi_cpu_top_169/HI
 semi_cpu_top_170/HI
 semi_cpu_top_171/HI
 semi_cpu_top_172/HI
 semi_cpu_top_173/HI
 semi_cpu_top_174/HI
 semi_cpu_top_175/HI
 semi_cpu_top_176/HI
 semi_cpu_top_177/HI
 semi_cpu_top_178/HI
 semi_cpu_top_179/HI
 semi_cpu_top_181/HI
Found 0 partially unannotated drivers.

===========================================================================
max slew violation count 51
max fanout violation count 57
max cap violation count 0
============================================================================

===========================================================================
check_setup -verbose -unconstrained_endpoints -multiple_clock -no_clock -no_input_delay -loops -generated_clocks
===========================================================================
Warning: There are 40 unconstrained endpoints.
  immediate_tb[10]
  immediate_tb[11]
  immediate_tb[12]
  immediate_tb[13]
  immediate_tb[14]
  immediate_tb[15]
  immediate_tb[16]
  immediate_tb[17]
  immediate_tb[18]
  immediate_tb[19]
  immediate_tb[20]
  immediate_tb[21]
  immediate_tb[22]
  immediate_tb[23]
  immediate_tb[24]
  immediate_tb[25]
  immediate_tb[26]
  immediate_tb[27]
  immediate_tb[28]
  immediate_tb[29]
  immediate_tb[30]
  immediate_tb[31]
  immediate_tb[4]
  immediate_tb[5]
  immediate_tb[6]
  immediate_tb[7]
  immediate_tb[8]
  immediate_tb[9]
  instruction_tb[10]
  instruction_tb[11]
  instruction_tb[12]
  instruction_tb[13]
  instruction_tb[18]
  instruction_tb[21]
  instruction_tb[4]
  instruction_tb[5]
  instruction_tb[6]
  instruction_tb[7]
  instruction_tb[8]
  instruction_tb[9]
