
===========================================================================
report_checks -unconstrained
===========================================================================
======================= Fastest Corner ===================================

Startpoint: rst (input port clocked by clk)
Endpoint: _2764_ (recovery check against rising-edge clock clk)
Path Group: asynchronous
Path Type: max
Corner: Fastest

Fanout     Cap    Slew   Delay    Time   Description
-----------------------------------------------------------------------------
                          0.00    0.00   clock clk (rise edge)
                          0.00    0.00   clock network delay (propagated)
                          2.00    2.00 v input external delay
     8    0.07    0.10    0.08    2.08 v rst (in)
                                         rst (net)
                  0.10    0.00    2.08 v _2526_/A (sky130_fd_sc_hd__clkbuf_4)
    14    0.07    0.10    0.19    2.27 v _2526_/X (sky130_fd_sc_hd__clkbuf_4)
                                         _1260_ (net)
                  0.10    0.01    2.28 v _2560_/A (sky130_fd_sc_hd__buf_4)
    20    0.09    0.09    0.18    2.46 v _2560_/X (sky130_fd_sc_hd__buf_4)
                                         _1264_ (net)
                  0.10    0.02    2.48 v _2568_/A (sky130_fd_sc_hd__inv_2)
     1    0.01    0.04    0.06    2.54 ^ _2568_/Y (sky130_fd_sc_hd__inv_2)
                                         _0158_ (net)
                  0.04    0.00    2.54 ^ _2764_/RESET_B (sky130_fd_sc_hd__dfrtp_1)
                                  2.54   data arrival time

                         10.00   10.00   clock clk (rise edge)
                          0.00   10.00   clock source latency
     2    0.05    0.17    0.11   10.11 ^ clk (in)
                                         clk (net)
                  0.17    0.00   10.11 ^ clkbuf_0_clk/A (sky130_fd_sc_hd__clkbuf_16)
    32    0.20    0.17    0.20   10.31 ^ clkbuf_0_clk/X (sky130_fd_sc_hd__clkbuf_16)
                                         clknet_0_clk (net)
                  0.17    0.01   10.32 ^ clkbuf_4_2_0_clk/A (sky130_fd_sc_hd__clkbuf_8)
    13    0.05    0.08    0.14   10.46 ^ clkbuf_4_2_0_clk/X (sky130_fd_sc_hd__clkbuf_8)
                                         clknet_4_2_0_clk (net)
                  0.08    0.00   10.46 ^ _2764_/CLK (sky130_fd_sc_hd__dfrtp_1)
                         -0.25   10.21   clock uncertainty
                          0.00   10.21   clock reconvergence pessimism
                          0.15   10.36   library recovery time
                                 10.36   data required time
-----------------------------------------------------------------------------
                                 10.36   data required time
                                 -2.54   data arrival time
-----------------------------------------------------------------------------
                                  7.82   slack (MET)


Startpoint: control (input port clocked by clk)
Endpoint: instruction_tb[14] (output port clocked by clk)
Path Group: clk
Path Type: max
Corner: Fastest

Fanout     Cap    Slew   Delay    Time   Description
-----------------------------------------------------------------------------
                          0.00    0.00   clock clk (rise edge)
                          0.00    0.00   clock network delay (propagated)
                          2.00    2.00 ^ input external delay
     2    0.01    0.03    0.02    2.02 ^ control (in)
                                         control (net)
                  0.03    0.00    2.02 ^ input1/A (sky130_fd_sc_hd__buf_6)
    16    0.08    0.12    0.12    2.14 ^ input1/X (sky130_fd_sc_hd__buf_6)
                                         net1 (net)
                  0.12    0.02    2.16 ^ _1501_/C (sky130_fd_sc_hd__and4bb_1)
     1    0.01    0.06    0.14    2.30 ^ _1501_/X (sky130_fd_sc_hd__and4bb_1)
                                         _0475_ (net)
                  0.06    0.00    2.30 ^ _1502_/A (sky130_fd_sc_hd__buf_6)
     8    0.06    0.10    0.12    2.42 ^ _1502_/X (sky130_fd_sc_hd__buf_6)
                                         _0476_ (net)
                  0.10    0.01    2.43 ^ _1503_/A (sky130_fd_sc_hd__buf_4)
    10    0.04    0.09    0.14    2.57 ^ _1503_/X (sky130_fd_sc_hd__buf_4)
                                         _0477_ (net)
                  0.09    0.00    2.57 ^ _1504_/A (sky130_fd_sc_hd__clkbuf_4)
    20    0.08    0.18    0.21    2.79 ^ _1504_/X (sky130_fd_sc_hd__clkbuf_4)
                                         _0478_ (net)
                  0.18    0.01    2.80 ^ _1505_/A (sky130_fd_sc_hd__clkbuf_4)
    20    0.08    0.18    0.23    3.03 ^ _1505_/X (sky130_fd_sc_hd__clkbuf_4)
                                         _0479_ (net)
                  0.19    0.02    3.05 ^ _1506_/A (sky130_fd_sc_hd__clkbuf_4)
    20    0.09    0.20    0.24    3.28 ^ _1506_/X (sky130_fd_sc_hd__clkbuf_4)
                                         _0480_ (net)
                  0.21    0.03    3.32 ^ _1507_/A (sky130_fd_sc_hd__clkbuf_4)
    20    0.08    0.19    0.25    3.56 ^ _1507_/X (sky130_fd_sc_hd__clkbuf_4)
                                         _0481_ (net)
                  0.19    0.01    3.58 ^ _1508_/A (sky130_fd_sc_hd__clkbuf_4)
    10    0.05    0.12    0.20    3.77 ^ _1508_/X (sky130_fd_sc_hd__clkbuf_4)
                                         _0482_ (net)
                  0.12    0.00    3.78 ^ _1509_/A (sky130_fd_sc_hd__clkbuf_4)
    20    0.09    0.20    0.24    4.02 ^ _1509_/X (sky130_fd_sc_hd__clkbuf_4)
                                         _0483_ (net)
                  0.20    0.01    4.02 ^ _1956_/A (sky130_fd_sc_hd__buf_1)
     3    0.02    0.16    0.15    4.18 ^ _1956_/X (sky130_fd_sc_hd__buf_1)
                                         net52 (net)
                  0.16    0.00    4.18 ^ fanout139/A (sky130_fd_sc_hd__buf_4)
    20    0.10    0.21    0.23    4.41 ^ fanout139/X (sky130_fd_sc_hd__buf_4)
                                         net139 (net)
                  0.22    0.02    4.43 ^ _2347_/A (sky130_fd_sc_hd__or2_1)
     1    0.00    0.03    0.09    4.51 ^ _2347_/X (sky130_fd_sc_hd__or2_1)
                                         _1179_ (net)
                  0.03    0.00    4.51 ^ _2348_/A (sky130_fd_sc_hd__clkbuf_1)
     2    0.01    0.06    0.08    4.59 ^ _2348_/X (sky130_fd_sc_hd__clkbuf_1)
                                         net48 (net)
                  0.06    0.00    4.59 ^ _2874_/A (sky130_fd_sc_hd__clkbuf_1)
     1    0.00    0.03    0.06    4.65 ^ _2874_/X (sky130_fd_sc_hd__clkbuf_1)
                                         net46 (net)
                  0.03    0.00    4.65 ^ output46/A (sky130_fd_sc_hd__buf_2)
     1    0.03    0.13    0.14    4.79 ^ output46/X (sky130_fd_sc_hd__buf_2)
                                         instruction_tb[14] (net)
                  0.13    0.00    4.79 ^ instruction_tb[14] (out)
                                  4.79   data arrival time

                         10.00   10.00   clock clk (rise edge)
                          0.00   10.00   clock network delay (propagated)
                         -0.25    9.75   clock uncertainty
                          0.00    9.75   clock reconvergence pessimism
                         -2.00    7.75   output external delay
                                  7.75   data required time
-----------------------------------------------------------------------------
                                  7.75   data required time
                                 -4.79   data arrival time
-----------------------------------------------------------------------------
                                  2.96   slack (MET)



======================= Slowest Corner ===================================

Startpoint: rst (input port clocked by clk)
Endpoint: _2699_ (recovery check against rising-edge clock clk)
Path Group: asynchronous
Path Type: max
Corner: Slowest

Fanout     Cap    Slew   Delay    Time   Description
-----------------------------------------------------------------------------
                          0.00    0.00   clock clk (rise edge)
                          0.00    0.00   clock network delay (propagated)
                          2.00    2.00 v input external delay
     8    0.07    0.29    0.22    2.22 v rst (in)
                                         rst (net)
                  0.29    0.00    2.22 v _2489_/A (sky130_fd_sc_hd__dlymetal6s2s_1)
     8    0.04    0.37    0.66    2.88 v _2489_/X (sky130_fd_sc_hd__dlymetal6s2s_1)
                                         _1255_ (net)
                  0.37    0.01    2.88 v _2490_/A (sky130_fd_sc_hd__buf_2)
     6    0.04    0.20    0.53    3.42 v _2490_/X (sky130_fd_sc_hd__buf_2)
                                         _1256_ (net)
                  0.20    0.00    3.42 v _2495_/A (sky130_fd_sc_hd__inv_2)
     1    0.00    0.07    0.13    3.55 ^ _2495_/Y (sky130_fd_sc_hd__inv_2)
                                         _0093_ (net)
                  0.07    0.00    3.55 ^ _2699_/RESET_B (sky130_fd_sc_hd__dfrtp_1)
                                  3.55   data arrival time

                         10.00   10.00   clock clk (rise edge)
                          0.00   10.00   clock source latency
     2    0.05    0.35    0.23   10.23 ^ clk (in)
                                         clk (net)
                  0.35    0.00   10.23 ^ clkbuf_0_clk/A (sky130_fd_sc_hd__clkbuf_16)
    32    0.21    0.33    0.52   10.75 ^ clkbuf_0_clk/X (sky130_fd_sc_hd__clkbuf_16)
                                         clknet_0_clk (net)
                  0.33    0.01   10.76 ^ clkbuf_4_2_0_clk/A (sky130_fd_sc_hd__clkbuf_8)
    13    0.05    0.16    0.39   11.15 ^ clkbuf_4_2_0_clk/X (sky130_fd_sc_hd__clkbuf_8)
                                         clknet_4_2_0_clk (net)
                  0.16    0.00   11.16 ^ _2699_/CLK (sky130_fd_sc_hd__dfrtp_1)
                         -0.25   10.91   clock uncertainty
                          0.00   10.91   clock reconvergence pessimism
                          0.49   11.40   library recovery time
                                 11.40   data required time
-----------------------------------------------------------------------------
                                 11.40   data required time
                                 -3.55   data arrival time
-----------------------------------------------------------------------------
                                  7.85   slack (MET)


Startpoint: _2791_ (rising edge-triggered flip-flop clocked by clk)
Endpoint: _2722_ (rising edge-triggered flip-flop clocked by clk)
Path Group: clk
Path Type: max
Corner: Slowest

Fanout     Cap    Slew   Delay    Time   Description
-----------------------------------------------------------------------------
                          0.00    0.00   clock clk (rise edge)
                          0.00    0.00   clock source latency
     2    0.05    0.35    0.26    0.26 ^ clk (in)
                                         clk (net)
                  0.35    0.00    0.26 ^ clkbuf_0_clk/A (sky130_fd_sc_hd__clkbuf_16)
    32    0.21    0.33    0.57    0.83 ^ clkbuf_0_clk/X (sky130_fd_sc_hd__clkbuf_16)
                                         clknet_0_clk (net)
                  0.33    0.01    0.84 ^ clkbuf_4_0_0_clk/A (sky130_fd_sc_hd__clkbuf_8)
    17    0.06    0.17    0.44    1.29 ^ clkbuf_4_0_0_clk/X (sky130_fd_sc_hd__clkbuf_8)
                                         clknet_4_0_0_clk (net)
                  0.17    0.00    1.29 ^ _2791_/CLK (sky130_fd_sc_hd__dfrtp_1)
     2    0.01    0.16    0.80    2.09 ^ _2791_/Q (sky130_fd_sc_hd__dfrtp_1)
                                         net65 (net)
                  0.16    0.00    2.09 ^ fanout142/A (sky130_fd_sc_hd__buf_2)
    20    0.06    0.46    0.55    2.63 ^ fanout142/X (sky130_fd_sc_hd__buf_2)
                                         net142 (net)
                  0.46    0.00    2.64 ^ _1501_/B_N (sky130_fd_sc_hd__and4bb_1)
     1    0.01    0.10    0.61    3.25 v _1501_/X (sky130_fd_sc_hd__and4bb_1)
                                         _0475_ (net)
                  0.10    0.00    3.25 v _1502_/A (sky130_fd_sc_hd__buf_6)
     8    0.06    0.11    0.30    3.55 v _1502_/X (sky130_fd_sc_hd__buf_6)
                                         _0476_ (net)
                  0.11    0.01    3.55 v _1503_/A (sky130_fd_sc_hd__buf_4)
    10    0.04    0.11    0.35    3.90 v _1503_/X (sky130_fd_sc_hd__buf_4)
                                         _0477_ (net)
                  0.11    0.00    3.90 v _1504_/A (sky130_fd_sc_hd__clkbuf_4)
    20    0.07    0.27    0.47    4.37 v _1504_/X (sky130_fd_sc_hd__clkbuf_4)
                                         _0478_ (net)
                  0.27    0.01    4.38 v _1505_/A (sky130_fd_sc_hd__clkbuf_4)
    20    0.08    0.28    0.55    4.93 v _1505_/X (sky130_fd_sc_hd__clkbuf_4)
                                         _0479_ (net)
                  0.29    0.02    4.95 v _1506_/A (sky130_fd_sc_hd__clkbuf_4)
    20    0.09    0.30    0.56    5.51 v _1506_/X (sky130_fd_sc_hd__clkbuf_4)
                                         _0480_ (net)
                  0.30    0.00    5.52 v _1519_/A2 (sky130_fd_sc_hd__a22o_1)
     8    0.03    0.33    0.78    6.30 v _1519_/X (sky130_fd_sc_hd__a22o_1)
                                         net121 (net)
                  0.33    0.00    6.30 v _1877_/A (sky130_fd_sc_hd__or4_1)
     1    0.00    0.17    1.34    7.64 v _1877_/X (sky130_fd_sc_hd__or4_1)
                                         _0792_ (net)
                  0.17    0.00    7.64 v _1879_/C (sky130_fd_sc_hd__or4_1)
     1    0.01    0.22    1.26    8.90 v _1879_/X (sky130_fd_sc_hd__or4_1)
                                         _0794_ (net)
                  0.22    0.00    8.90 v _1880_/B (sky130_fd_sc_hd__nor2_2)
    12    0.05    0.89    0.80    9.70 ^ _1880_/Y (sky130_fd_sc_hd__nor2_2)
                                         _0795_ (net)
                  0.89    0.01    9.71 ^ _1883_/A (sky130_fd_sc_hd__buf_2)
    10    0.04    0.30    0.68   10.40 ^ _1883_/X (sky130_fd_sc_hd__buf_2)
                                         _0798_ (net)
                  0.30    0.00   10.40 ^ _1914_/B (sky130_fd_sc_hd__nand2_1)
     4    0.02    0.31    0.38   10.78 v _1914_/Y (sky130_fd_sc_hd__nand2_1)
                                         _0828_ (net)
                  0.31    0.00   10.78 v _1915_/A1 (sky130_fd_sc_hd__mux2_1)
     2    0.01    0.15    0.84   11.62 v _1915_/X (sky130_fd_sc_hd__mux2_1)
                                         _0829_ (net)
                  0.15    0.00   11.62 v _1916_/A1 (sky130_fd_sc_hd__mux2_1)
     2    0.01    0.14    0.75   12.38 v _1916_/X (sky130_fd_sc_hd__mux2_1)
                                         _0830_ (net)
                  0.14    0.00   12.38 v _2057_/B (sky130_fd_sc_hd__or2_2)
     3    0.03    0.22    0.84   13.22 v _2057_/X (sky130_fd_sc_hd__or2_2)
                                         _0961_ (net)
                  0.22    0.00   13.22 v _2058_/A1 (sky130_fd_sc_hd__mux2_1)
     2    0.01    0.21    0.89   14.11 v _2058_/X (sky130_fd_sc_hd__mux2_1)
                                         _0962_ (net)
                  0.21    0.00   14.12 v _2062_/A2 (sky130_fd_sc_hd__o221a_1)
     1    0.02    0.21    0.67   14.79 v _2062_/X (sky130_fd_sc_hd__o221a_1)
                                         _0966_ (net)
                  0.21    0.00   14.79 v _2063_/B1 (sky130_fd_sc_hd__o31ai_2)
     2    0.01    0.52    0.22   15.02 ^ _2063_/Y (sky130_fd_sc_hd__o31ai_2)
                                         _0967_ (net)
                  0.52    0.00   15.02 ^ _2064_/A1 (sky130_fd_sc_hd__mux2_1)
     1    0.00    0.11    0.45   15.46 ^ _2064_/X (sky130_fd_sc_hd__mux2_1)
                                         _0968_ (net)
                  0.11    0.00   15.46 ^ _2065_/A (sky130_fd_sc_hd__clkbuf_1)
     1    0.00    0.09    0.19   15.65 ^ _2065_/X (sky130_fd_sc_hd__clkbuf_1)
                                         _0300_ (net)
                  0.09    0.00   15.65 ^ _2722_/D (sky130_fd_sc_hd__dfrtp_1)
                                 15.65   data arrival time

                         10.00   10.00   clock clk (rise edge)
                          0.00   10.00   clock source latency
     2    0.05    0.35    0.23   10.23 ^ clk (in)
                                         clk (net)
                  0.35    0.00   10.23 ^ clkbuf_0_clk/A (sky130_fd_sc_hd__clkbuf_16)
    32    0.21    0.33    0.52   10.75 ^ clkbuf_0_clk/X (sky130_fd_sc_hd__clkbuf_16)
                                         clknet_0_clk (net)
                  0.33    0.02   10.77 ^ clkbuf_4_12_0_clk/A (sky130_fd_sc_hd__clkbuf_8)
    14    0.05    0.16    0.39   11.16 ^ clkbuf_4_12_0_clk/X (sky130_fd_sc_hd__clkbuf_8)
                                         clknet_4_12_0_clk (net)
                  0.16    0.00   11.16 ^ _2722_/CLK (sky130_fd_sc_hd__dfrtp_1)
                         -0.25   10.91   clock uncertainty
                          0.08   10.99   clock reconvergence pessimism
                         -0.12   10.87   library setup time
                                 10.87   data required time
-----------------------------------------------------------------------------
                                 10.87   data required time
                                -15.65   data arrival time
-----------------------------------------------------------------------------
                                 -4.78   slack (VIOLATED)



======================= Typical Corner ===================================

Startpoint: rst (input port clocked by clk)
Endpoint: _2764_ (recovery check against rising-edge clock clk)
Path Group: asynchronous
Path Type: max
Corner: Typical

Fanout     Cap    Slew   Delay    Time   Description
-----------------------------------------------------------------------------
                          0.00    0.00   clock clk (rise edge)
                          0.00    0.00   clock network delay (propagated)
                          2.00    2.00 v input external delay
     8    0.07    0.15    0.11    2.11 v rst (in)
                                         rst (net)
                  0.15    0.00    2.11 v _2526_/A (sky130_fd_sc_hd__clkbuf_4)
    14    0.07    0.14    0.29    2.40 v _2526_/X (sky130_fd_sc_hd__clkbuf_4)
                                         _1260_ (net)
                  0.14    0.01    2.42 v _2560_/A (sky130_fd_sc_hd__buf_4)
    20    0.09    0.12    0.27    2.69 v _2560_/X (sky130_fd_sc_hd__buf_4)
                                         _1264_ (net)
                  0.13    0.02    2.71 v _2568_/A (sky130_fd_sc_hd__inv_2)
     1    0.01    0.05    0.08    2.79 ^ _2568_/Y (sky130_fd_sc_hd__inv_2)
                                         _0158_ (net)
                  0.05    0.00    2.79 ^ _2764_/RESET_B (sky130_fd_sc_hd__dfrtp_1)
                                  2.79   data arrival time

                         10.00   10.00   clock clk (rise edge)
                          0.00   10.00   clock source latency
     2    0.05    0.22    0.15   10.15 ^ clk (in)
                                         clk (net)
                  0.22    0.00   10.15 ^ clkbuf_0_clk/A (sky130_fd_sc_hd__clkbuf_16)
    32    0.20    0.22    0.29   10.44 ^ clkbuf_0_clk/X (sky130_fd_sc_hd__clkbuf_16)
                                         clknet_0_clk (net)
                  0.22    0.01   10.45 ^ clkbuf_4_2_0_clk/A (sky130_fd_sc_hd__clkbuf_8)
    13    0.05    0.10    0.22   10.67 ^ clkbuf_4_2_0_clk/X (sky130_fd_sc_hd__clkbuf_8)
                                         clknet_4_2_0_clk (net)
                  0.10    0.00   10.67 ^ _2764_/CLK (sky130_fd_sc_hd__dfrtp_1)
                         -0.25   10.42   clock uncertainty
                          0.00   10.42   clock reconvergence pessimism
                          0.25   10.67   library recovery time
                                 10.67   data required time
-----------------------------------------------------------------------------
                                 10.67   data required time
                                 -2.79   data arrival time
-----------------------------------------------------------------------------
                                  7.88   slack (MET)


Startpoint: control (input port clocked by clk)
Endpoint: instruction_tb[14] (output port clocked by clk)
Path Group: clk
Path Type: max
Corner: Typical

Fanout     Cap    Slew   Delay    Time   Description
-----------------------------------------------------------------------------
                          0.00    0.00   clock clk (rise edge)
                          0.00    0.00   clock network delay (propagated)
                          2.00    2.00 ^ input external delay
     2    0.01    0.04    0.02    2.02 ^ control (in)
                                         control (net)
                  0.04    0.00    2.02 ^ input1/A (sky130_fd_sc_hd__buf_6)
    16    0.08    0.16    0.17    2.20 ^ input1/X (sky130_fd_sc_hd__buf_6)
                                         net1 (net)
                  0.16    0.02    2.22 ^ _1501_/C (sky130_fd_sc_hd__and4bb_1)
     1    0.01    0.08    0.24    2.46 ^ _1501_/X (sky130_fd_sc_hd__and4bb_1)
                                         _0475_ (net)
                  0.08    0.00    2.46 ^ _1502_/A (sky130_fd_sc_hd__buf_6)
     8    0.06    0.13    0.18    2.64 ^ _1502_/X (sky130_fd_sc_hd__buf_6)
                                         _0476_ (net)
                  0.13    0.01    2.65 ^ _1503_/A (sky130_fd_sc_hd__buf_4)
    10    0.04    0.12    0.21    2.86 ^ _1503_/X (sky130_fd_sc_hd__buf_4)
                                         _0477_ (net)
                  0.12    0.00    2.86 ^ _1504_/A (sky130_fd_sc_hd__clkbuf_4)
    20    0.08    0.23    0.31    3.17 ^ _1504_/X (sky130_fd_sc_hd__clkbuf_4)
                                         _0478_ (net)
                  0.23    0.01    3.18 ^ _1505_/A (sky130_fd_sc_hd__clkbuf_4)
    20    0.08    0.24    0.35    3.54 ^ _1505_/X (sky130_fd_sc_hd__clkbuf_4)
                                         _0479_ (net)
                  0.24    0.02    3.55 ^ _1506_/A (sky130_fd_sc_hd__clkbuf_4)
    20    0.09    0.26    0.36    3.92 ^ _1506_/X (sky130_fd_sc_hd__clkbuf_4)
                                         _0480_ (net)
                  0.27    0.03    3.95 ^ _1507_/A (sky130_fd_sc_hd__clkbuf_4)
    20    0.08    0.25    0.38    4.33 ^ _1507_/X (sky130_fd_sc_hd__clkbuf_4)
                                         _0481_ (net)
                  0.26    0.02    4.34 ^ _1508_/A (sky130_fd_sc_hd__clkbuf_4)
    10    0.05    0.16    0.30    4.64 ^ _1508_/X (sky130_fd_sc_hd__clkbuf_4)
                                         _0482_ (net)
                  0.16    0.00    4.65 ^ _1509_/A (sky130_fd_sc_hd__clkbuf_4)
    20    0.09    0.27    0.34    4.99 ^ _1509_/X (sky130_fd_sc_hd__clkbuf_4)
                                         _0483_ (net)
                  0.27    0.01    5.00 ^ _1956_/A (sky130_fd_sc_hd__buf_1)
     3    0.02    0.21    0.25    5.25 ^ _1956_/X (sky130_fd_sc_hd__buf_1)
                                         net52 (net)
                  0.21    0.00    5.25 ^ fanout139/A (sky130_fd_sc_hd__buf_4)
    20    0.10    0.28    0.34    5.59 ^ fanout139/X (sky130_fd_sc_hd__buf_4)
                                         net139 (net)
                  0.29    0.02    5.61 ^ _2347_/A (sky130_fd_sc_hd__or2_1)
     1    0.00    0.04    0.16    5.77 ^ _2347_/X (sky130_fd_sc_hd__or2_1)
                                         _1179_ (net)
                  0.04    0.00    5.77 ^ _2348_/A (sky130_fd_sc_hd__clkbuf_1)
     2    0.01    0.08    0.11    5.88 ^ _2348_/X (sky130_fd_sc_hd__clkbuf_1)
                                         net48 (net)
                  0.08    0.00    5.88 ^ _2874_/A (sky130_fd_sc_hd__clkbuf_1)
     1    0.00    0.04    0.09    5.98 ^ _2874_/X (sky130_fd_sc_hd__clkbuf_1)
                                         net46 (net)
                  0.04    0.00    5.98 ^ output46/A (sky130_fd_sc_hd__buf_2)
     1    0.03    0.17    0.21    6.18 ^ output46/X (sky130_fd_sc_hd__buf_2)
                                         instruction_tb[14] (net)
                  0.17    0.00    6.18 ^ instruction_tb[14] (out)
                                  6.18   data arrival time

                         10.00   10.00   clock clk (rise edge)
                          0.00   10.00   clock network delay (propagated)
                         -0.25    9.75   clock uncertainty
                          0.00    9.75   clock reconvergence pessimism
                         -2.00    7.75   output external delay
                                  7.75   data required time
-----------------------------------------------------------------------------
                                  7.75   data required time
                                 -6.18   data arrival time
-----------------------------------------------------------------------------
                                  1.57   slack (MET)




===========================================================================
report_checks --slack_max -0.01
============================================================================
======================= Fastest Corner ===================================

No paths found.

======================= Slowest Corner ===================================

Startpoint: _2791_ (rising edge-triggered flip-flop clocked by clk)
Endpoint: _2722_ (rising edge-triggered flip-flop clocked by clk)
Path Group: clk
Path Type: max
Corner: Slowest

Fanout     Cap    Slew   Delay    Time   Description
-----------------------------------------------------------------------------
                          0.00    0.00   clock clk (rise edge)
                          0.00    0.00   clock source latency
     2    0.05    0.35    0.26    0.26 ^ clk (in)
                                         clk (net)
                  0.35    0.00    0.26 ^ clkbuf_0_clk/A (sky130_fd_sc_hd__clkbuf_16)
    32    0.21    0.33    0.57    0.83 ^ clkbuf_0_clk/X (sky130_fd_sc_hd__clkbuf_16)
                                         clknet_0_clk (net)
                  0.33    0.01    0.84 ^ clkbuf_4_0_0_clk/A (sky130_fd_sc_hd__clkbuf_8)
    17    0.06    0.17    0.44    1.29 ^ clkbuf_4_0_0_clk/X (sky130_fd_sc_hd__clkbuf_8)
                                         clknet_4_0_0_clk (net)
                  0.17    0.00    1.29 ^ _2791_/CLK (sky130_fd_sc_hd__dfrtp_1)
     2    0.01    0.16    0.80    2.09 ^ _2791_/Q (sky130_fd_sc_hd__dfrtp_1)
                                         net65 (net)
                  0.16    0.00    2.09 ^ fanout142/A (sky130_fd_sc_hd__buf_2)
    20    0.06    0.46    0.55    2.63 ^ fanout142/X (sky130_fd_sc_hd__buf_2)
                                         net142 (net)
                  0.46    0.00    2.64 ^ _1501_/B_N (sky130_fd_sc_hd__and4bb_1)
     1    0.01    0.10    0.61    3.25 v _1501_/X (sky130_fd_sc_hd__and4bb_1)
                                         _0475_ (net)
                  0.10    0.00    3.25 v _1502_/A (sky130_fd_sc_hd__buf_6)
     8    0.06    0.11    0.30    3.55 v _1502_/X (sky130_fd_sc_hd__buf_6)
                                         _0476_ (net)
                  0.11    0.01    3.55 v _1503_/A (sky130_fd_sc_hd__buf_4)
    10    0.04    0.11    0.35    3.90 v _1503_/X (sky130_fd_sc_hd__buf_4)
                                         _0477_ (net)
                  0.11    0.00    3.90 v _1504_/A (sky130_fd_sc_hd__clkbuf_4)
    20    0.07    0.27    0.47    4.37 v _1504_/X (sky130_fd_sc_hd__clkbuf_4)
                                         _0478_ (net)
                  0.27    0.01    4.38 v _1505_/A (sky130_fd_sc_hd__clkbuf_4)
    20    0.08    0.28    0.55    4.93 v _1505_/X (sky130_fd_sc_hd__clkbuf_4)
                                         _0479_ (net)
                  0.29    0.02    4.95 v _1506_/A (sky130_fd_sc_hd__clkbuf_4)
    20    0.09    0.30    0.56    5.51 v _1506_/X (sky130_fd_sc_hd__clkbuf_4)
                                         _0480_ (net)
                  0.30    0.00    5.52 v _1519_/A2 (sky130_fd_sc_hd__a22o_1)
     8    0.03    0.33    0.78    6.30 v _1519_/X (sky130_fd_sc_hd__a22o_1)
                                         net121 (net)
                  0.33    0.00    6.30 v _1877_/A (sky130_fd_sc_hd__or4_1)
     1    0.00    0.17    1.34    7.64 v _1877_/X (sky130_fd_sc_hd__or4_1)
                                         _0792_ (net)
                  0.17    0.00    7.64 v _1879_/C (sky130_fd_sc_hd__or4_1)
     1    0.01    0.22    1.26    8.90 v _1879_/X (sky130_fd_sc_hd__or4_1)
                                         _0794_ (net)
                  0.22    0.00    8.90 v _1880_/B (sky130_fd_sc_hd__nor2_2)
    12    0.05    0.89    0.80    9.70 ^ _1880_/Y (sky130_fd_sc_hd__nor2_2)
                                         _0795_ (net)
                  0.89    0.01    9.71 ^ _1883_/A (sky130_fd_sc_hd__buf_2)
    10    0.04    0.30    0.68   10.40 ^ _1883_/X (sky130_fd_sc_hd__buf_2)
                                         _0798_ (net)
                  0.30    0.00   10.40 ^ _1914_/B (sky130_fd_sc_hd__nand2_1)
     4    0.02    0.31    0.38   10.78 v _1914_/Y (sky130_fd_sc_hd__nand2_1)
                                         _0828_ (net)
                  0.31    0.00   10.78 v _1915_/A1 (sky130_fd_sc_hd__mux2_1)
     2    0.01    0.15    0.84   11.62 v _1915_/X (sky130_fd_sc_hd__mux2_1)
                                         _0829_ (net)
                  0.15    0.00   11.62 v _1916_/A1 (sky130_fd_sc_hd__mux2_1)
     2    0.01    0.14    0.75   12.38 v _1916_/X (sky130_fd_sc_hd__mux2_1)
                                         _0830_ (net)
                  0.14    0.00   12.38 v _2057_/B (sky130_fd_sc_hd__or2_2)
     3    0.03    0.22    0.84   13.22 v _2057_/X (sky130_fd_sc_hd__or2_2)
                                         _0961_ (net)
                  0.22    0.00   13.22 v _2058_/A1 (sky130_fd_sc_hd__mux2_1)
     2    0.01    0.21    0.89   14.11 v _2058_/X (sky130_fd_sc_hd__mux2_1)
                                         _0962_ (net)
                  0.21    0.00   14.12 v _2062_/A2 (sky130_fd_sc_hd__o221a_1)
     1    0.02    0.21    0.67   14.79 v _2062_/X (sky130_fd_sc_hd__o221a_1)
                                         _0966_ (net)
                  0.21    0.00   14.79 v _2063_/B1 (sky130_fd_sc_hd__o31ai_2)
     2    0.01    0.52    0.22   15.02 ^ _2063_/Y (sky130_fd_sc_hd__o31ai_2)
                                         _0967_ (net)
                  0.52    0.00   15.02 ^ _2064_/A1 (sky130_fd_sc_hd__mux2_1)
     1    0.00    0.11    0.45   15.46 ^ _2064_/X (sky130_fd_sc_hd__mux2_1)
                                         _0968_ (net)
                  0.11    0.00   15.46 ^ _2065_/A (sky130_fd_sc_hd__clkbuf_1)
     1    0.00    0.09    0.19   15.65 ^ _2065_/X (sky130_fd_sc_hd__clkbuf_1)
                                         _0300_ (net)
                  0.09    0.00   15.65 ^ _2722_/D (sky130_fd_sc_hd__dfrtp_1)
                                 15.65   data arrival time

                         10.00   10.00   clock clk (rise edge)
                          0.00   10.00   clock source latency
     2    0.05    0.35    0.23   10.23 ^ clk (in)
                                         clk (net)
                  0.35    0.00   10.23 ^ clkbuf_0_clk/A (sky130_fd_sc_hd__clkbuf_16)
    32    0.21    0.33    0.52   10.75 ^ clkbuf_0_clk/X (sky130_fd_sc_hd__clkbuf_16)
                                         clknet_0_clk (net)
                  0.33    0.02   10.77 ^ clkbuf_4_12_0_clk/A (sky130_fd_sc_hd__clkbuf_8)
    14    0.05    0.16    0.39   11.16 ^ clkbuf_4_12_0_clk/X (sky130_fd_sc_hd__clkbuf_8)
                                         clknet_4_12_0_clk (net)
                  0.16    0.00   11.16 ^ _2722_/CLK (sky130_fd_sc_hd__dfrtp_1)
                         -0.25   10.91   clock uncertainty
                          0.08   10.99   clock reconvergence pessimism
                         -0.12   10.87   library setup time
                                 10.87   data required time
-----------------------------------------------------------------------------
                                 10.87   data required time
                                -15.65   data arrival time
-----------------------------------------------------------------------------
                                 -4.78   slack (VIOLATED)



======================= Typical Corner ===================================

No paths found.


===========================================================================
 report_check_types -max_slew -max_cap -max_fanout -violators
============================================================================
======================= Fastest Corner ===================================

max fanout

Pin                                   Limit Fanout  Slack
---------------------------------------------------------
clkbuf_0_clk/X                           10     32    -22 (VIOLATED)
clkbuf_4_3_0_clk/X                       10     28    -18 (VIOLATED)
clkbuf_4_7_0_clk/X                       10     24    -14 (VIOLATED)
_1354_/X                                 10     20    -10 (VIOLATED)
_1360_/X                                 10     20    -10 (VIOLATED)
_1386_/X                                 10     20    -10 (VIOLATED)
_1430_/Y                                 10     20    -10 (VIOLATED)
_1499_/X                                 10     20    -10 (VIOLATED)
_1504_/X                                 10     20    -10 (VIOLATED)
_1505_/X                                 10     20    -10 (VIOLATED)
_1506_/X                                 10     20    -10 (VIOLATED)
_1507_/X                                 10     20    -10 (VIOLATED)
_1509_/X                                 10     20    -10 (VIOLATED)
_1518_/X                                 10     20    -10 (VIOLATED)
_1638_/X                                 10     20    -10 (VIOLATED)
_1696_/Y                                 10     20    -10 (VIOLATED)
_1872_/X                                 10     20    -10 (VIOLATED)
_1901_/X                                 10     20    -10 (VIOLATED)
_1920_/X                                 10     20    -10 (VIOLATED)
_1926_/X                                 10     20    -10 (VIOLATED)
_1928_/X                                 10     20    -10 (VIOLATED)
_1936_/X                                 10     20    -10 (VIOLATED)
_1960_/X                                 10     20    -10 (VIOLATED)
_2066_/X                                 10     20    -10 (VIOLATED)
_2117_/X                                 10     20    -10 (VIOLATED)
_2128_/X                                 10     20    -10 (VIOLATED)
_2270_/X                                 10     20    -10 (VIOLATED)
_2527_/X                                 10     20    -10 (VIOLATED)
_2560_/X                                 10     20    -10 (VIOLATED)
_2571_/X                                 10     20    -10 (VIOLATED)
fanout139/X                              10     20    -10 (VIOLATED)
fanout140/X                              10     20    -10 (VIOLATED)
fanout142/X                              10     20    -10 (VIOLATED)
clkbuf_4_5_0_clk/X                       10     19     -9 (VIOLATED)
_1697_/Y                                 10     18     -8 (VIOLATED)
_2830_/Q                                 10     18     -8 (VIOLATED)
_2831_/Q                                 10     18     -8 (VIOLATED)
clkbuf_4_0_0_clk/X                       10     17     -7 (VIOLATED)
clkbuf_4_1_0_clk/X                       10     17     -7 (VIOLATED)
_1349_/X                                 10     16     -6 (VIOLATED)
_1350_/Y                                 10     16     -6 (VIOLATED)
_1875_/X                                 10     16     -6 (VIOLATED)
_2359_/X                                 10     16     -6 (VIOLATED)
input1/X                                 10     16     -6 (VIOLATED)
clkbuf_4_4_0_clk/X                       10     15     -5 (VIOLATED)
_2355_/X                                 10     14     -4 (VIOLATED)
_2526_/X                                 10     14     -4 (VIOLATED)
clkbuf_4_12_0_clk/X                      10     14     -4 (VIOLATED)
clkbuf_4_14_0_clk/X                      10     14     -4 (VIOLATED)
clkbuf_4_2_0_clk/X                       10     13     -3 (VIOLATED)
clkbuf_4_6_0_clk/X                       10     13     -3 (VIOLATED)
_1756_/X                                 10     12     -2 (VIOLATED)
_1820_/X                                 10     12     -2 (VIOLATED)
_1855_/X                                 10     12     -2 (VIOLATED)
_1880_/Y                                 10     12     -2 (VIOLATED)
clkbuf_4_11_0_clk/X                      10     11        (VIOLATED)
clkbuf_4_13_0_clk/X                      10     11        (VIOLATED)


max slew violations count Fastest: 0
max fanout violations count Fastest: 57
max cap violations count Fastest: 0
======================= Slowest Corner ===================================

max slew

Pin                                    Limit    Slew   Slack
------------------------------------------------------------
_2033_/A                                0.75    1.02   -0.27 (VIOLATED)
ANTENNA__2033__A/DIODE                  0.75    1.02   -0.27 (VIOLATED)
_2001_/B1                               0.75    1.02   -0.27 (VIOLATED)
ANTENNA__2001__B1/DIODE                 0.75    1.02   -0.27 (VIOLATED)
_1697_/A                                0.75    1.02   -0.27 (VIOLATED)
ANTENNA__1697__A/DIODE                  0.75    1.02   -0.27 (VIOLATED)
_2112_/B1                               0.75    1.02   -0.27 (VIOLATED)
ANTENNA__2112__B1/DIODE                 0.75    1.02   -0.27 (VIOLATED)
_2151_/A                                0.75    1.02   -0.27 (VIOLATED)
ANTENNA__2151__A/DIODE                  0.75    1.02   -0.27 (VIOLATED)
_2157_/B1                               0.75    1.02   -0.27 (VIOLATED)
ANTENNA__2157__B1/DIODE                 0.75    1.02   -0.27 (VIOLATED)
_2208_/B1                               0.75    1.02   -0.27 (VIOLATED)
ANTENNA__2208__B1/DIODE                 0.75    1.02   -0.27 (VIOLATED)
ANTENNA__2228__B1/DIODE                 0.75    1.02   -0.27 (VIOLATED)
_2228_/B1                               0.75    1.02   -0.27 (VIOLATED)
_2240_/B1                               0.75    1.02   -0.27 (VIOLATED)
ANTENNA__2240__B1/DIODE                 0.75    1.02   -0.27 (VIOLATED)
_1872_/A                                0.75    1.02   -0.27 (VIOLATED)
ANTENNA__1872__A/DIODE                  0.75    1.02   -0.27 (VIOLATED)
_1696_/Y                                0.75    1.02   -0.27 (VIOLATED)
ANTENNA__1687__A1/DIODE                 0.75    0.94   -0.19 (VIOLATED)
ANTENNA__1681__A1/DIODE                 0.75    0.94   -0.19 (VIOLATED)
_1681_/A1                               0.75    0.94   -0.19 (VIOLATED)
_1687_/A1                               0.75    0.94   -0.19 (VIOLATED)
_1693_/B1                               0.75    0.94   -0.19 (VIOLATED)
ANTENNA__1693__B1/DIODE                 0.75    0.94   -0.19 (VIOLATED)
ANTENNA__1712__A1/DIODE                 0.75    0.94   -0.19 (VIOLATED)
_1712_/A1                               0.75    0.94   -0.19 (VIOLATED)
_1719_/A                                0.75    0.94   -0.19 (VIOLATED)
ANTENNA__1351__A/DIODE                  0.75    0.94   -0.19 (VIOLATED)
_1351_/A                                0.75    0.94   -0.19 (VIOLATED)
ANTENNA__1719__A/DIODE                  0.75    0.94   -0.19 (VIOLATED)
_1621_/B1                               0.75    0.94   -0.19 (VIOLATED)
ANTENNA__1621__B1/DIODE                 0.75    0.94   -0.19 (VIOLATED)
_1632_/B1                               0.75    0.94   -0.19 (VIOLATED)
ANTENNA__1632__B1/DIODE                 0.75    0.94   -0.19 (VIOLATED)
_1350_/Y                                0.75    0.94   -0.19 (VIOLATED)
_1881_/A                                0.75    0.89   -0.14 (VIOLATED)
ANTENNA__1881__A/DIODE                  0.75    0.89   -0.14 (VIOLATED)
_1883_/A                                0.75    0.89   -0.14 (VIOLATED)
_1897_/B                                0.75    0.89   -0.14 (VIOLATED)
ANTENNA__1883__A/DIODE                  0.75    0.89   -0.14 (VIOLATED)
ANTENNA__1897__B/DIODE                  0.75    0.89   -0.14 (VIOLATED)
_1903_/B                                0.75    0.89   -0.14 (VIOLATED)
ANTENNA__1903__B/DIODE                  0.75    0.89   -0.14 (VIOLATED)
_1907_/B                                0.75    0.89   -0.14 (VIOLATED)
ANTENNA__1907__B/DIODE                  0.75    0.89   -0.14 (VIOLATED)
_1910_/B                                0.75    0.89   -0.14 (VIOLATED)
ANTENNA__1910__B/DIODE                  0.75    0.89   -0.14 (VIOLATED)
_1880_/Y                                0.75    0.89   -0.14 (VIOLATED)

max fanout

Pin                                   Limit Fanout  Slack
---------------------------------------------------------
clkbuf_0_clk/X                           10     32    -22 (VIOLATED)
clkbuf_4_3_0_clk/X                       10     28    -18 (VIOLATED)
clkbuf_4_7_0_clk/X                       10     24    -14 (VIOLATED)
_1354_/X                                 10     20    -10 (VIOLATED)
_1360_/X                                 10     20    -10 (VIOLATED)
_1386_/X                                 10     20    -10 (VIOLATED)
_1430_/Y                                 10     20    -10 (VIOLATED)
_1499_/X                                 10     20    -10 (VIOLATED)
_1504_/X                                 10     20    -10 (VIOLATED)
_1505_/X                                 10     20    -10 (VIOLATED)
_1506_/X                                 10     20    -10 (VIOLATED)
_1507_/X                                 10     20    -10 (VIOLATED)
_1509_/X                                 10     20    -10 (VIOLATED)
_1518_/X                                 10     20    -10 (VIOLATED)
_1638_/X                                 10     20    -10 (VIOLATED)
_1696_/Y                                 10     20    -10 (VIOLATED)
_1872_/X                                 10     20    -10 (VIOLATED)
_1901_/X                                 10     20    -10 (VIOLATED)
_1920_/X                                 10     20    -10 (VIOLATED)
_1926_/X                                 10     20    -10 (VIOLATED)
_1928_/X                                 10     20    -10 (VIOLATED)
_1936_/X                                 10     20    -10 (VIOLATED)
_1960_/X                                 10     20    -10 (VIOLATED)
_2066_/X                                 10     20    -10 (VIOLATED)
_2117_/X                                 10     20    -10 (VIOLATED)
_2128_/X                                 10     20    -10 (VIOLATED)
_2270_/X                                 10     20    -10 (VIOLATED)
_2527_/X                                 10     20    -10 (VIOLATED)
_2560_/X                                 10     20    -10 (VIOLATED)
_2571_/X                                 10     20    -10 (VIOLATED)
fanout139/X                              10     20    -10 (VIOLATED)
fanout140/X                              10     20    -10 (VIOLATED)
fanout142/X                              10     20    -10 (VIOLATED)
clkbuf_4_5_0_clk/X                       10     19     -9 (VIOLATED)
_1697_/Y                                 10     18     -8 (VIOLATED)
_2830_/Q                                 10     18     -8 (VIOLATED)
_2831_/Q                                 10     18     -8 (VIOLATED)
clkbuf_4_0_0_clk/X                       10     17     -7 (VIOLATED)
clkbuf_4_1_0_clk/X                       10     17     -7 (VIOLATED)
_1349_/X                                 10     16     -6 (VIOLATED)
_1350_/Y                                 10     16     -6 (VIOLATED)
_1875_/X                                 10     16     -6 (VIOLATED)
_2359_/X                                 10     16     -6 (VIOLATED)
input1/X                                 10     16     -6 (VIOLATED)
clkbuf_4_4_0_clk/X                       10     15     -5 (VIOLATED)
_2355_/X                                 10     14     -4 (VIOLATED)
_2526_/X                                 10     14     -4 (VIOLATED)
clkbuf_4_12_0_clk/X                      10     14     -4 (VIOLATED)
clkbuf_4_14_0_clk/X                      10     14     -4 (VIOLATED)
clkbuf_4_2_0_clk/X                       10     13     -3 (VIOLATED)
clkbuf_4_6_0_clk/X                       10     13     -3 (VIOLATED)
_1756_/X                                 10     12     -2 (VIOLATED)
_1820_/X                                 10     12     -2 (VIOLATED)
_1855_/X                                 10     12     -2 (VIOLATED)
_1880_/Y                                 10     12     -2 (VIOLATED)
clkbuf_4_11_0_clk/X                      10     11        (VIOLATED)
clkbuf_4_13_0_clk/X                      10     11        (VIOLATED)


max slew violations count Slowest: 51
max fanout violations count Slowest: 57
max cap violations count Slowest: 0
======================= Typical Corner ===================================

max fanout

Pin                                   Limit Fanout  Slack
---------------------------------------------------------
clkbuf_0_clk/X                           10     32    -22 (VIOLATED)
clkbuf_4_3_0_clk/X                       10     28    -18 (VIOLATED)
clkbuf_4_7_0_clk/X                       10     24    -14 (VIOLATED)
_1354_/X                                 10     20    -10 (VIOLATED)
_1360_/X                                 10     20    -10 (VIOLATED)
_1386_/X                                 10     20    -10 (VIOLATED)
_1430_/Y                                 10     20    -10 (VIOLATED)
_1499_/X                                 10     20    -10 (VIOLATED)
_1504_/X                                 10     20    -10 (VIOLATED)
_1505_/X                                 10     20    -10 (VIOLATED)
_1506_/X                                 10     20    -10 (VIOLATED)
_1507_/X                                 10     20    -10 (VIOLATED)
_1509_/X                                 10     20    -10 (VIOLATED)
_1518_/X                                 10     20    -10 (VIOLATED)
_1638_/X                                 10     20    -10 (VIOLATED)
_1696_/Y                                 10     20    -10 (VIOLATED)
_1872_/X                                 10     20    -10 (VIOLATED)
_1901_/X                                 10     20    -10 (VIOLATED)
_1920_/X                                 10     20    -10 (VIOLATED)
_1926_/X                                 10     20    -10 (VIOLATED)
_1928_/X                                 10     20    -10 (VIOLATED)
_1936_/X                                 10     20    -10 (VIOLATED)
_1960_/X                                 10     20    -10 (VIOLATED)
_2066_/X                                 10     20    -10 (VIOLATED)
_2117_/X                                 10     20    -10 (VIOLATED)
_2128_/X                                 10     20    -10 (VIOLATED)
_2270_/X                                 10     20    -10 (VIOLATED)
_2527_/X                                 10     20    -10 (VIOLATED)
_2560_/X                                 10     20    -10 (VIOLATED)
_2571_/X                                 10     20    -10 (VIOLATED)
fanout139/X                              10     20    -10 (VIOLATED)
fanout140/X                              10     20    -10 (VIOLATED)
fanout142/X                              10     20    -10 (VIOLATED)
clkbuf_4_5_0_clk/X                       10     19     -9 (VIOLATED)
_1697_/Y                                 10     18     -8 (VIOLATED)
_2830_/Q                                 10     18     -8 (VIOLATED)
_2831_/Q                                 10     18     -8 (VIOLATED)
clkbuf_4_0_0_clk/X                       10     17     -7 (VIOLATED)
clkbuf_4_1_0_clk/X                       10     17     -7 (VIOLATED)
_1349_/X                                 10     16     -6 (VIOLATED)
_1350_/Y                                 10     16     -6 (VIOLATED)
_1875_/X                                 10     16     -6 (VIOLATED)
_2359_/X                                 10     16     -6 (VIOLATED)
input1/X                                 10     16     -6 (VIOLATED)
clkbuf_4_4_0_clk/X                       10     15     -5 (VIOLATED)
_2355_/X                                 10     14     -4 (VIOLATED)
_2526_/X                                 10     14     -4 (VIOLATED)
clkbuf_4_12_0_clk/X                      10     14     -4 (VIOLATED)
clkbuf_4_14_0_clk/X                      10     14     -4 (VIOLATED)
clkbuf_4_2_0_clk/X                       10     13     -3 (VIOLATED)
clkbuf_4_6_0_clk/X                       10     13     -3 (VIOLATED)
_1756_/X                                 10     12     -2 (VIOLATED)
_1820_/X                                 10     12     -2 (VIOLATED)
_1855_/X                                 10     12     -2 (VIOLATED)
_1880_/Y                                 10     12     -2 (VIOLATED)
clkbuf_4_11_0_clk/X                      10     11        (VIOLATED)
clkbuf_4_13_0_clk/X                      10     11        (VIOLATED)


max slew violations count Typical: 0
max fanout violations count Typical: 57
max cap violations count Typical: 0

===========================================================================
report_parasitic_annotation -report_unannotated
============================================================================
Found 55 unannotated drivers.
 _2871__182/HI
 _2872__180/HI
 clkload0/Y
 clkload1/Y
 clkload10/Y
 clkload11/Y
 clkload12/Y
 clkload13/Y
 clkload14/Y
 clkload2/Y
 clkload3/Y
 clkload4/Y
 clkload5/Y
 clkload6/Y
 clkload7/Y
 clkload8/Y
 clkload9/Y
 semi_cpu_top_143/HI
 semi_cpu_top_144/HI
 semi_cpu_top_145/HI
 semi_cpu_top_146/HI
 semi_cpu_top_147/HI
 semi_cpu_top_148/HI
 semi_cpu_top_149/HI
 semi_cpu_top_150/HI
 semi_cpu_top_151/HI
 semi_cpu_top_152/HI
 semi_cpu_top_153/HI
 semi_cpu_top_154/HI
 semi_cpu_top_155/HI
 semi_cpu_top_156/HI
 semi_cpu_top_157/HI
 semi_cpu_top_158/HI
 semi_cpu_top_159/HI
 semi_cpu_top_160/HI
 semi_cpu_top_161/HI
 semi_cpu_top_162/HI
 semi_cpu_top_163/HI
 semi_cpu_top_164/HI
 semi_cpu_top_165/HI
 semi_cpu_top_166/HI
 semi_cpu_top_167/HI
 semi_cpu_top_168/HI
 semi_cpu_top_169/HI
 semi_cpu_top_170/HI
 semi_cpu_top_171/HI
 semi_cpu_top_172/HI
 semi_cpu_top_173/HI
 semi_cpu_top_174/HI
 semi_cpu_top_175/HI
 semi_cpu_top_176/HI
 semi_cpu_top_177/HI
 semi_cpu_top_178/HI
 semi_cpu_top_179/HI
 semi_cpu_top_181/HI
Found 0 partially unannotated drivers.

===========================================================================
max slew violation count 51
max fanout violation count 57
max cap violation count 0
============================================================================

===========================================================================
check_setup -verbose -unconstrained_endpoints -multiple_clock -no_clock -no_input_delay -loops -generated_clocks
===========================================================================
Warning: There are 40 unconstrained endpoints.
  immediate_tb[10]
  immediate_tb[11]
  immediate_tb[12]
  immediate_tb[13]
  immediate_tb[14]
  immediate_tb[15]
  immediate_tb[16]
  immediate_tb[17]
  immediate_tb[18]
  immediate_tb[19]
  immediate_tb[20]
  immediate_tb[21]
  immediate_tb[22]
  immediate_tb[23]
  immediate_tb[24]
  immediate_tb[25]
  immediate_tb[26]
  immediate_tb[27]
  immediate_tb[28]
  immediate_tb[29]
  immediate_tb[30]
  immediate_tb[31]
  immediate_tb[4]
  immediate_tb[5]
  immediate_tb[6]
  immediate_tb[7]
  immediate_tb[8]
  immediate_tb[9]
  instruction_tb[10]
  instruction_tb[11]
  instruction_tb[12]
  instruction_tb[13]
  instruction_tb[18]
  instruction_tb[21]
  instruction_tb[4]
  instruction_tb[5]
  instruction_tb[6]
  instruction_tb[7]
  instruction_tb[8]
  instruction_tb[9]
