
===========================================================================
report_checks -unconstrained
===========================================================================
======================= Typical Corner ===================================

Startpoint: A2[0] (input port clocked by clk)
Endpoint: RD2[1] (output port clocked by clk)
Path Group: clk
Path Type: max

Fanout     Cap    Slew   Delay    Time   Description
-----------------------------------------------------------------------------
                  0.15    0.00    0.00   clock clk (rise edge)
                          0.00    0.00   clock network delay (ideal)
                          2.00    2.00 ^ input external delay
     4    0.04    0.16    0.12    2.12 ^ A2[0] (in)
                                         A2[0] (net)
                  0.16    0.00    2.12 ^ _4117_/A (sky130_fd_sc_hd__buf_1)
    10    0.10    1.10    0.88    3.00 ^ _4117_/X (sky130_fd_sc_hd__buf_1)
                                         _1091_ (net)
                  1.10    0.01    3.01 ^ _4152_/A (sky130_fd_sc_hd__buf_1)
    10    0.10    1.09    0.93    3.93 ^ _4152_/X (sky130_fd_sc_hd__buf_1)
                                         _1125_ (net)
                  1.09    0.01    3.94 ^ _4154_/S0 (sky130_fd_sc_hd__mux4_2)
     1    0.00    0.08    0.63    4.57 v _4154_/X (sky130_fd_sc_hd__mux4_2)
                                         _1127_ (net)
                  0.08    0.00    4.57 v _4156_/A (sky130_fd_sc_hd__or2b_2)
     1    0.00    0.05    0.31    4.87 v _4156_/X (sky130_fd_sc_hd__or2b_2)
                                         _1129_ (net)
                  0.05    0.00    4.87 v _4159_/B1 (sky130_fd_sc_hd__a221o_2)
     1    0.01    0.08    0.39    5.27 v _4159_/X (sky130_fd_sc_hd__a221o_2)
                                         _1132_ (net)
                  0.08    0.00    5.27 v _4160_/B1 (sky130_fd_sc_hd__o21a_2)
     1    0.05    0.13    0.23    5.50 v _4160_/X (sky130_fd_sc_hd__o21a_2)
                                         RD2[1] (net)
                  0.13    0.01    5.51 v RD2[1] (out)
                                  5.51   data arrival time

                  0.15   10.00   10.00   clock clk (rise edge)
                          0.00   10.00   clock network delay (ideal)
                         -0.25    9.75   clock uncertainty
                          0.00    9.75   clock reconvergence pessimism
                         -2.00    7.75   output external delay
                                  7.75   data required time
-----------------------------------------------------------------------------
                                  7.75   data required time
                                 -5.51   data arrival time
-----------------------------------------------------------------------------
                                  2.24   slack (MET)




===========================================================================
report_checks --slack_max -0.01
============================================================================
======================= Typical Corner ===================================

No paths found.


===========================================================================
 report_check_types -max_slew -max_cap -max_fanout -violators
============================================================================
======================= Typical Corner ===================================

max slew

Pin                                    Limit    Slew   Slack
------------------------------------------------------------
_5225_/S0                               0.75    1.22   -0.47 (VIOLATED)
_4838_/S0                               0.75    1.22   -0.47 (VIOLATED)
_4979_/S0                               0.75    1.22   -0.47 (VIOLATED)
_4863_/S0                               0.75    1.22   -0.47 (VIOLATED)
_4813_/S0                               0.75    1.22   -0.47 (VIOLATED)
_4734_/S0                               0.75    1.22   -0.47 (VIOLATED)
_4907_/S0                               0.75    1.22   -0.47 (VIOLATED)
_4924_/S0                               0.75    1.22   -0.47 (VIOLATED)
_5179_/S0                               0.75    1.22   -0.47 (VIOLATED)
_5118_/S0                               0.75    1.22   -0.47 (VIOLATED)
_4731_/X                                0.75    1.22   -0.47 (VIOLATED)
_4758_/S0                               0.75    1.20   -0.45 (VIOLATED)
_4822_/S0                               0.75    1.20   -0.45 (VIOLATED)
_4872_/S0                               0.75    1.20   -0.45 (VIOLATED)
_4844_/S0                               0.75    1.20   -0.45 (VIOLATED)
_4984_/S0                               0.75    1.20   -0.45 (VIOLATED)
_5123_/S0                               0.75    1.20   -0.45 (VIOLATED)
_5220_/S0                               0.75    1.20   -0.45 (VIOLATED)
_5128_/S0                               0.75    1.20   -0.45 (VIOLATED)
_5082_/S0                               0.75    1.20   -0.45 (VIOLATED)
_5174_/S0                               0.75    1.20   -0.45 (VIOLATED)
_4756_/X                                0.75    1.20   -0.45 (VIOLATED)
_4627_/S0                               0.75    1.16   -0.41 (VIOLATED)
_4579_/S0                               0.75    1.16   -0.41 (VIOLATED)
_4531_/S0                               0.75    1.16   -0.41 (VIOLATED)
_4383_/S0                               0.75    1.16   -0.41 (VIOLATED)
_4619_/S0                               0.75    1.16   -0.41 (VIOLATED)
_4603_/S0                               0.75    1.16   -0.41 (VIOLATED)
_4675_/S0                               0.75    1.16   -0.41 (VIOLATED)
_4651_/S0                               0.75    1.16   -0.41 (VIOLATED)
_4667_/S0                               0.75    1.16   -0.41 (VIOLATED)
_4148_/X                                0.75    1.16   -0.41 (VIOLATED)
_4150_/S0                               0.75    1.16   -0.41 (VIOLATED)
_4698_/S0                               0.75    1.10   -0.35 (VIOLATED)
_4799_/S0                               0.75    1.10   -0.35 (VIOLATED)
_4852_/S0                               0.75    1.10   -0.35 (VIOLATED)
_4896_/S0                               0.75    1.10   -0.35 (VIOLATED)
_4945_/S0                               0.75    1.10   -0.35 (VIOLATED)
_4991_/S0                               0.75    1.10   -0.35 (VIOLATED)
_5038_/S0                               0.75    1.10   -0.35 (VIOLATED)
_5084_/S0                               0.75    1.10   -0.35 (VIOLATED)
_5130_/S0                               0.75    1.10   -0.35 (VIOLATED)
_5219_/S0                               0.75    1.10   -0.35 (VIOLATED)
_4696_/X                                0.75    1.10   -0.35 (VIOLATED)
_4639_/S0                               0.75    1.10   -0.35 (VIOLATED)
_4591_/S0                               0.75    1.10   -0.35 (VIOLATED)
_4543_/S0                               0.75    1.10   -0.35 (VIOLATED)
_4495_/S0                               0.75    1.10   -0.35 (VIOLATED)
_4395_/S0                               0.75    1.10   -0.35 (VIOLATED)
_4446_/S0                               0.75    1.10   -0.35 (VIOLATED)
_4194_/A                                0.75    1.10   -0.35 (VIOLATED)
_4152_/A                                0.75    1.10   -0.35 (VIOLATED)
_4118_/A                                0.75    1.10   -0.35 (VIOLATED)
_4191_/A                                0.75    1.10   -0.35 (VIOLATED)
_4117_/X                                0.75    1.10   -0.35 (VIOLATED)
_4403_/S0                               0.75    1.09   -0.34 (VIOLATED)
_4454_/S0                               0.75    1.09   -0.34 (VIOLATED)
_4349_/S0                               0.75    1.09   -0.34 (VIOLATED)
_4154_/S0                               0.75    1.09   -0.34 (VIOLATED)
_4385_/S0                               0.75    1.09   -0.34 (VIOLATED)
_4599_/S0                               0.75    1.09   -0.34 (VIOLATED)
_4647_/S0                               0.75    1.09   -0.34 (VIOLATED)
_4503_/S0                               0.75    1.09   -0.34 (VIOLATED)
_4551_/S0                               0.75    1.09   -0.34 (VIOLATED)
_4533_/S0                               0.75    1.09   -0.34 (VIOLATED)
_4152_/X                                0.75    1.09   -0.34 (VIOLATED)
_4626_/S0                               0.75    1.09   -0.34 (VIOLATED)
_4674_/S0                               0.75    1.09   -0.34 (VIOLATED)
_4254_/S0                               0.75    1.09   -0.34 (VIOLATED)
_4202_/S0                               0.75    1.09   -0.34 (VIOLATED)
_4088_/S0                               0.75    1.09   -0.34 (VIOLATED)
_4271_/S0                               0.75    1.09   -0.34 (VIOLATED)
_4303_/S0                               0.75    1.09   -0.34 (VIOLATED)
_4220_/S0                               0.75    1.09   -0.34 (VIOLATED)
_4321_/S0                               0.75    1.09   -0.34 (VIOLATED)
_4137_/S0                               0.75    1.09   -0.34 (VIOLATED)
_4085_/X                                0.75    1.09   -0.34 (VIOLATED)
_4720_/S0                               0.75    1.08   -0.33 (VIOLATED)
_4806_/S0                               0.75    1.08   -0.33 (VIOLATED)
_5242_/S0                               0.75    1.08   -0.33 (VIOLATED)
_4917_/S0                               0.75    1.08   -0.33 (VIOLATED)
_5014_/S0                               0.75    1.08   -0.33 (VIOLATED)
_5058_/S0                               0.75    1.08   -0.33 (VIOLATED)
_4967_/S0                               0.75    1.08   -0.33 (VIOLATED)
_5104_/S0                               0.75    1.08   -0.33 (VIOLATED)
_5150_/S0                               0.75    1.08   -0.33 (VIOLATED)
_5196_/S0                               0.75    1.08   -0.33 (VIOLATED)
_4718_/X                                0.75    1.08   -0.33 (VIOLATED)
_4850_/S0                               0.75    1.07   -0.32 (VIOLATED)
_4797_/S0                               0.75    1.07   -0.32 (VIOLATED)
_4692_/S0                               0.75    1.07   -0.32 (VIOLATED)
_4894_/S0                               0.75    1.07   -0.32 (VIOLATED)
_5221_/S0                               0.75    1.07   -0.32 (VIOLATED)
_4943_/S0                               0.75    1.07   -0.32 (VIOLATED)
_4989_/S0                               0.75    1.07   -0.32 (VIOLATED)
_5036_/S0                               0.75    1.07   -0.32 (VIOLATED)
_5129_/S0                               0.75    1.07   -0.32 (VIOLATED)
_4690_/X                                0.75    1.07   -0.32 (VIOLATED)
_5175_/S0                               0.75    1.07   -0.32 (VIOLATED)
_5199_/S0                               0.75    1.07   -0.32 (VIOLATED)
_5153_/S0                               0.75    1.07   -0.32 (VIOLATED)
_5107_/S0                               0.75    1.07   -0.32 (VIOLATED)
_4970_/S0                               0.75    1.07   -0.32 (VIOLATED)
_5061_/S0                               0.75    1.07   -0.32 (VIOLATED)
_4828_/S0                               0.75    1.07   -0.32 (VIOLATED)
_4875_/S0                               0.75    1.07   -0.32 (VIOLATED)
_5245_/S0                               0.75    1.07   -0.32 (VIOLATED)
_5017_/S0                               0.75    1.07   -0.32 (VIOLATED)
_4920_/S0                               0.75    1.07   -0.32 (VIOLATED)
_4826_/X                                0.75    1.07   -0.32 (VIOLATED)
_4547_/S0                               0.75    1.05   -0.30 (VIOLATED)
_4530_/S0                               0.75    1.05   -0.30 (VIOLATED)
_4643_/S0                               0.75    1.05   -0.30 (VIOLATED)
_4578_/S0                               0.75    1.05   -0.30 (VIOLATED)
_4595_/S0                               0.75    1.05   -0.30 (VIOLATED)
_4499_/S0                               0.75    1.05   -0.30 (VIOLATED)
_4382_/S0                               0.75    1.05   -0.30 (VIOLATED)
_4450_/S0                               0.75    1.05   -0.30 (VIOLATED)
_4145_/X                                0.75    1.05   -0.30 (VIOLATED)
_4147_/S0                               0.75    1.05   -0.30 (VIOLATED)
_4399_/S0                               0.75    1.05   -0.30 (VIOLATED)
_4519_/S0                               0.75    1.02   -0.27 (VIOLATED)
_4615_/S0                               0.75    1.02   -0.27 (VIOLATED)
_4567_/S0                               0.75    1.02   -0.27 (VIOLATED)
_4471_/S0                               0.75    1.02   -0.27 (VIOLATED)
_4422_/S0                               0.75    1.02   -0.27 (VIOLATED)
_4663_/S0                               0.75    1.02   -0.27 (VIOLATED)
_4344_/S0                               0.75    1.02   -0.27 (VIOLATED)
_4183_/S0                               0.75    1.02   -0.27 (VIOLATED)
_4181_/X                                0.75    1.02   -0.27 (VIOLATED)
_4245_/S0                               0.75    1.02   -0.27 (VIOLATED)
_4294_/S0                               0.75    1.02   -0.27 (VIOLATED)
_4588_/S0                               0.75    1.02   -0.27 (VIOLATED)
_4636_/S0                               0.75    1.02   -0.27 (VIOLATED)
_4492_/S0                               0.75    1.02   -0.27 (VIOLATED)
_4540_/S0                               0.75    1.02   -0.27 (VIOLATED)
_4340_/S0                               0.75    1.02   -0.27 (VIOLATED)
_4241_/S0                               0.75    1.02   -0.27 (VIOLATED)
_4290_/S0                               0.75    1.02   -0.27 (VIOLATED)
_4172_/S0                               0.75    1.02   -0.27 (VIOLATED)
_4392_/S0                               0.75    1.02   -0.27 (VIOLATED)
_4170_/X                                0.75    1.02   -0.27 (VIOLATED)
_4443_/S0                               0.75    1.02   -0.27 (VIOLATED)
_4870_/S0                               0.75    1.01   -0.26 (VIOLATED)
_4820_/S0                               0.75    1.01   -0.26 (VIOLATED)
_4752_/S0                               0.75    1.01   -0.26 (VIOLATED)
_5165_/S0                               0.75    1.01   -0.26 (VIOLATED)
_5211_/S0                               0.75    1.01   -0.26 (VIOLATED)
_5073_/S0                               0.75    1.01   -0.26 (VIOLATED)
_4885_/S0                               0.75    1.01   -0.26 (VIOLATED)
_4785_/S0                               0.75    1.01   -0.26 (VIOLATED)
_4934_/S0                               0.75    1.01   -0.26 (VIOLATED)
_5027_/S0                               0.75    1.01   -0.26 (VIOLATED)
_4750_/X                                0.75    1.01   -0.26 (VIOLATED)
_5102_/S0                               0.75    1.01   -0.26 (VIOLATED)
_5148_/S0                               0.75    1.01   -0.26 (VIOLATED)
_5194_/S0                               0.75    1.01   -0.26 (VIOLATED)
_4965_/S0                               0.75    1.01   -0.26 (VIOLATED)
_5056_/S0                               0.75    1.01   -0.26 (VIOLATED)
_4825_/S0                               0.75    1.01   -0.26 (VIOLATED)
_4763_/S0                               0.75    1.01   -0.26 (VIOLATED)
_5012_/S0                               0.75    1.01   -0.26 (VIOLATED)
_5240_/S0                               0.75    1.01   -0.26 (VIOLATED)
_4761_/X                                0.75    1.01   -0.26 (VIOLATED)
_4915_/S0                               0.75    1.01   -0.26 (VIOLATED)
_4814_/S0                               0.75    1.00   -0.25 (VIOLATED)
_4864_/S0                               0.75    1.00   -0.25 (VIOLATED)
_4839_/S0                               0.75    1.00   -0.25 (VIOLATED)
_4737_/S0                               0.75    1.00   -0.25 (VIOLATED)
_5233_/S0                               0.75    1.00   -0.25 (VIOLATED)
_4980_/S0                               0.75    1.00   -0.25 (VIOLATED)
_4908_/S0                               0.75    1.00   -0.25 (VIOLATED)
_4959_/S0                               0.75    1.00   -0.25 (VIOLATED)
_4925_/S0                               0.75    1.00   -0.25 (VIOLATED)
_4735_/X                                0.75    1.00   -0.25 (VIOLATED)
_5119_/S0                               0.75    1.00   -0.25 (VIOLATED)
_5152_/S0                               0.75    0.99   -0.24 (VIOLATED)
_5106_/S0                               0.75    0.99   -0.24 (VIOLATED)
_5198_/S0                               0.75    0.99   -0.24 (VIOLATED)
_4969_/S0                               0.75    0.99   -0.24 (VIOLATED)
_5060_/S0                               0.75    0.99   -0.24 (VIOLATED)
_5016_/S0                               0.75    0.99   -0.24 (VIOLATED)
_4919_/S0                               0.75    0.99   -0.24 (VIOLATED)
_4766_/S0                               0.75    0.99   -0.24 (VIOLATED)
_4874_/S0                               0.75    0.99   -0.24 (VIOLATED)
_5244_/S0                               0.75    0.99   -0.24 (VIOLATED)
_4764_/X                                0.75    0.99   -0.24 (VIOLATED)
_4259_/S0                               0.75    0.99   -0.24 (VIOLATED)
_4206_/S0                               0.75    0.99   -0.24 (VIOLATED)
_4102_/S0                               0.75    0.99   -0.24 (VIOLATED)
_4275_/S0                               0.75    0.99   -0.24 (VIOLATED)
_4224_/S0                               0.75    0.99   -0.24 (VIOLATED)
_4141_/S0                               0.75    0.99   -0.24 (VIOLATED)
_4654_/S0                               0.75    0.99   -0.24 (VIOLATED)
_4670_/S0                               0.75    0.99   -0.24 (VIOLATED)
_4606_/S0                               0.75    0.99   -0.24 (VIOLATED)
_4622_/S0                               0.75    0.99   -0.24 (VIOLATED)
_4100_/X                                0.75    0.99   -0.24 (VIOLATED)
_4514_/S0                               0.75    0.99   -0.24 (VIOLATED)
_4610_/S0                               0.75    0.99   -0.24 (VIOLATED)
_4562_/S0                               0.75    0.99   -0.24 (VIOLATED)
_4421_/S0                               0.75    0.99   -0.24 (VIOLATED)
_4369_/S0                               0.75    0.99   -0.24 (VIOLATED)
_4658_/S0                               0.75    0.99   -0.24 (VIOLATED)
_4316_/S0                               0.75    0.99   -0.24 (VIOLATED)
_4266_/S0                               0.75    0.99   -0.24 (VIOLATED)
_4126_/S0                               0.75    0.99   -0.24 (VIOLATED)
_4214_/S0                               0.75    0.99   -0.24 (VIOLATED)
_4124_/X                                0.75    0.99   -0.24 (VIOLATED)
_5121_/S0                               0.75    0.98   -0.23 (VIOLATED)
_5164_/S0                               0.75    0.98   -0.23 (VIOLATED)
_5210_/S0                               0.75    0.98   -0.23 (VIOLATED)
_5072_/S0                               0.75    0.98   -0.23 (VIOLATED)
_4933_/S0                               0.75    0.98   -0.23 (VIOLATED)
_5026_/S0                               0.75    0.98   -0.23 (VIOLATED)
_4982_/S0                               0.75    0.98   -0.23 (VIOLATED)
_4784_/S0                               0.75    0.98   -0.23 (VIOLATED)
_4884_/S0                               0.75    0.98   -0.23 (VIOLATED)
_4782_/X                                0.75    0.98   -0.23 (VIOLATED)
_4841_/S0                               0.75    0.98   -0.23 (VIOLATED)
_4614_/S0                               0.75    0.98   -0.23 (VIOLATED)
_4518_/S0                               0.75    0.98   -0.23 (VIOLATED)
_4566_/S0                               0.75    0.98   -0.23 (VIOLATED)
_4470_/S0                               0.75    0.98   -0.23 (VIOLATED)
_4370_/S0                               0.75    0.98   -0.23 (VIOLATED)
_4662_/S0                               0.75    0.98   -0.23 (VIOLATED)
_4317_/S0                               0.75    0.98   -0.23 (VIOLATED)
_4215_/S0                               0.75    0.98   -0.23 (VIOLATED)
_4267_/S0                               0.75    0.98   -0.23 (VIOLATED)
_4129_/S0                               0.75    0.98   -0.23 (VIOLATED)
_4127_/X                                0.75    0.98   -0.23 (VIOLATED)
_4542_/S0                               0.75    0.97   -0.22 (VIOLATED)
_4590_/S0                               0.75    0.97   -0.22 (VIOLATED)
_4638_/S0                               0.75    0.97   -0.22 (VIOLATED)
_4494_/S0                               0.75    0.97   -0.22 (VIOLATED)
_4341_/S0                               0.75    0.97   -0.22 (VIOLATED)
_4242_/S0                               0.75    0.97   -0.22 (VIOLATED)
_4291_/S0                               0.75    0.97   -0.22 (VIOLATED)
_4175_/S0                               0.75    0.97   -0.22 (VIOLATED)
_4173_/X                                0.75    0.97   -0.22 (VIOLATED)
_4394_/S0                               0.75    0.97   -0.22 (VIOLATED)
_4445_/S0                               0.75    0.97   -0.22 (VIOLATED)
_4212_/S0                               0.75    0.97   -0.22 (VIOLATED)
_4314_/S0                               0.75    0.97   -0.22 (VIOLATED)
_4264_/S0                               0.75    0.97   -0.22 (VIOLATED)
_4121_/S0                               0.75    0.97   -0.22 (VIOLATED)
_4157_/S0                               0.75    0.97   -0.22 (VIOLATED)
_4679_/S0                               0.75    0.97   -0.22 (VIOLATED)
_4387_/S0                               0.75    0.97   -0.22 (VIOLATED)
_4535_/S0                               0.75    0.97   -0.22 (VIOLATED)
_4118_/X                                0.75    0.97   -0.22 (VIOLATED)
_4583_/S0                               0.75    0.97   -0.22 (VIOLATED)
_4631_/S0                               0.75    0.97   -0.22 (VIOLATED)
_4867_/S0                               0.75    0.97   -0.22 (VIOLATED)
_4817_/S0                               0.75    0.97   -0.22 (VIOLATED)
_4745_/S0                               0.75    0.97   -0.22 (VIOLATED)
_4912_/S0                               0.75    0.97   -0.22 (VIOLATED)
_5236_/S0                               0.75    0.97   -0.22 (VIOLATED)
_5190_/S0                               0.75    0.97   -0.22 (VIOLATED)
_5144_/S0                               0.75    0.97   -0.22 (VIOLATED)
_4743_/X                                0.75    0.97   -0.22 (VIOLATED)
_5114_/S0                               0.75    0.97   -0.22 (VIOLATED)
_5160_/S0                               0.75    0.97   -0.22 (VIOLATED)
_5206_/S0                               0.75    0.97   -0.22 (VIOLATED)
_4796_/S0                               0.75    0.95   -0.20 (VIOLATED)
_4849_/S0                               0.75    0.95   -0.20 (VIOLATED)
_4689_/S0                               0.75    0.95   -0.20 (VIOLATED)
_4893_/S0                               0.75    0.95   -0.20 (VIOLATED)
_4942_/S0                               0.75    0.95   -0.20 (VIOLATED)
_4988_/S0                               0.75    0.95   -0.20 (VIOLATED)
_5127_/S0                               0.75    0.95   -0.20 (VIOLATED)
_4686_/X                                0.75    0.95   -0.20 (VIOLATED)
_5035_/S0                               0.75    0.95   -0.20 (VIOLATED)
_5081_/S0                               0.75    0.95   -0.20 (VIOLATED)
_5173_/S0                               0.75    0.95   -0.20 (VIOLATED)
_4238_/S0                               0.75    0.95   -0.20 (VIOLATED)
_4287_/S0                               0.75    0.95   -0.20 (VIOLATED)
_4164_/S0                               0.75    0.95   -0.20 (VIOLATED)
_4575_/S0                               0.75    0.95   -0.20 (VIOLATED)
_4623_/S0                               0.75    0.95   -0.20 (VIOLATED)
_4607_/S0                               0.75    0.95   -0.20 (VIOLATED)
_4559_/S0                               0.75    0.95   -0.20 (VIOLATED)
_4337_/S0                               0.75    0.95   -0.20 (VIOLATED)
_4655_/S0                               0.75    0.95   -0.20 (VIOLATED)
_4671_/S0                               0.75    0.95   -0.20 (VIOLATED)
_4162_/X                                0.75    0.95   -0.20 (VIOLATED)
_4491_/S0                               0.75    0.95   -0.20 (VIOLATED)
_4635_/S0                               0.75    0.95   -0.20 (VIOLATED)
_4587_/S0                               0.75    0.95   -0.20 (VIOLATED)
_4539_/S0                               0.75    0.95   -0.20 (VIOLATED)
_4338_/S0                               0.75    0.95   -0.20 (VIOLATED)
_4239_/S0                               0.75    0.95   -0.20 (VIOLATED)
_4288_/S0                               0.75    0.95   -0.20 (VIOLATED)
_4167_/S0                               0.75    0.95   -0.20 (VIOLATED)
_4165_/X                                0.75    0.95   -0.20 (VIOLATED)
_4391_/S0                               0.75    0.95   -0.20 (VIOLATED)
_4442_/S0                               0.75    0.95   -0.20 (VIOLATED)
_5076_/S0                               0.75    0.95   -0.20 (VIOLATED)
_5168_/S0                               0.75    0.95   -0.20 (VIOLATED)
_5213_/S0                               0.75    0.95   -0.20 (VIOLATED)
_5167_/S0                               0.75    0.95   -0.20 (VIOLATED)
_5075_/S0                               0.75    0.95   -0.20 (VIOLATED)
_4937_/S0                               0.75    0.95   -0.20 (VIOLATED)
_5030_/S0                               0.75    0.95   -0.20 (VIOLATED)
_5029_/S0                               0.75    0.95   -0.20 (VIOLATED)
_4789_/X                                0.75    0.95   -0.20 (VIOLATED)
_4791_/S0                               0.75    0.95   -0.20 (VIOLATED)
_4888_/S0                               0.75    0.95   -0.20 (VIOLATED)
_4581_/S0                               0.75    0.95   -0.20 (VIOLATED)
_4629_/S0                               0.75    0.95   -0.20 (VIOLATED)
_4482_/S0                               0.75    0.95   -0.20 (VIOLATED)
_4433_/S0                               0.75    0.95   -0.20 (VIOLATED)
_4328_/S0                               0.75    0.95   -0.20 (VIOLATED)
_4677_/S0                               0.75    0.95   -0.20 (VIOLATED)
_4279_/S0                               0.75    0.95   -0.20 (VIOLATED)
_4230_/S0                               0.75    0.95   -0.20 (VIOLATED)
_4278_/S0                               0.75    0.95   -0.20 (VIOLATED)
_4229_/S0                               0.75    0.95   -0.20 (VIOLATED)
_4227_/X                                0.75    0.95   -0.20 (VIOLATED)
_4642_/S0                               0.75    0.94   -0.19 (VIOLATED)
_4594_/S0                               0.75    0.94   -0.19 (VIOLATED)
_4546_/S0                               0.75    0.94   -0.19 (VIOLATED)
_4498_/S0                               0.75    0.94   -0.19 (VIOLATED)
_4345_/S0                               0.75    0.94   -0.19 (VIOLATED)
_4449_/S0                               0.75    0.94   -0.19 (VIOLATED)
_4398_/S0                               0.75    0.94   -0.19 (VIOLATED)
_4184_/X                                0.75    0.94   -0.19 (VIOLATED)
_4186_/S0                               0.75    0.94   -0.19 (VIOLATED)
_4246_/S0                               0.75    0.94   -0.19 (VIOLATED)
_4295_/S0                               0.75    0.94   -0.19 (VIOLATED)
_4250_/S0                               0.75    0.94   -0.19 (VIOLATED)
_4299_/S0                               0.75    0.94   -0.19 (VIOLATED)
_4196_/S0                               0.75    0.94   -0.19 (VIOLATED)
_4402_/S0                               0.75    0.94   -0.19 (VIOLATED)
_4453_/S0                               0.75    0.94   -0.19 (VIOLATED)
_4348_/S0                               0.75    0.94   -0.19 (VIOLATED)
_4550_/S0                               0.75    0.94   -0.19 (VIOLATED)
_4194_/X                                0.75    0.94   -0.19 (VIOLATED)
_4502_/S0                               0.75    0.94   -0.19 (VIOLATED)
_4598_/S0                               0.75    0.94   -0.19 (VIOLATED)
_4646_/S0                               0.75    0.94   -0.19 (VIOLATED)
_4466_/S0                               0.75    0.94   -0.19 (VIOLATED)
_4417_/S0                               0.75    0.94   -0.19 (VIOLATED)
_4365_/S0                               0.75    0.94   -0.19 (VIOLATED)
_4483_/S0                               0.75    0.94   -0.19 (VIOLATED)
_4434_/S0                               0.75    0.94   -0.19 (VIOLATED)
_4329_/S0                               0.75    0.94   -0.19 (VIOLATED)
_4312_/S0                               0.75    0.94   -0.19 (VIOLATED)
_4112_/S0                               0.75    0.94   -0.19 (VIOLATED)
_4262_/S0                               0.75    0.94   -0.19 (VIOLATED)
_4210_/S0                               0.75    0.94   -0.19 (VIOLATED)
_4109_/X                                0.75    0.94   -0.19 (VIOLATED)
_4854_/S0                               0.75    0.94   -0.19 (VIOLATED)
_4709_/S0                               0.75    0.94   -0.19 (VIOLATED)
_4802_/S0                               0.75    0.94   -0.19 (VIOLATED)
_4898_/S0                               0.75    0.94   -0.19 (VIOLATED)
_4947_/S0                               0.75    0.94   -0.19 (VIOLATED)
_4993_/S0                               0.75    0.94   -0.19 (VIOLATED)
_5040_/S0                               0.75    0.94   -0.19 (VIOLATED)
_5132_/S0                               0.75    0.94   -0.19 (VIOLATED)
_4706_/X                                0.75    0.94   -0.19 (VIOLATED)
_5086_/S0                               0.75    0.94   -0.19 (VIOLATED)
_5178_/S0                               0.75    0.94   -0.19 (VIOLATED)
_5039_/S0                               0.75    0.94   -0.19 (VIOLATED)
_5085_/S0                               0.75    0.94   -0.19 (VIOLATED)
_5177_/S0                               0.75    0.94   -0.19 (VIOLATED)
_5131_/S0                               0.75    0.94   -0.19 (VIOLATED)
_4992_/S0                               0.75    0.94   -0.19 (VIOLATED)
_5223_/S0                               0.75    0.94   -0.19 (VIOLATED)
_5122_/B_N                              0.75    0.94   -0.19 (VIOLATED)
_4983_/B_N                              0.75    0.94   -0.19 (VIOLATED)
_4842_/X                                0.75    0.94   -0.19 (VIOLATED)
_4843_/B_N                              0.75    0.94   -0.19 (VIOLATED)
_4845_/A1                               0.75    0.94   -0.19 (VIOLATED)
_4639_/S1                               0.75    0.94   -0.19 (VIOLATED)
_4591_/S1                               0.75    0.94   -0.19 (VIOLATED)
_4543_/S1                               0.75    0.94   -0.19 (VIOLATED)
_4495_/S1                               0.75    0.94   -0.19 (VIOLATED)
_4195_/A                                0.75    0.94   -0.19 (VIOLATED)
_4153_/A                                0.75    0.94   -0.19 (VIOLATED)
_4395_/S1                               0.75    0.94   -0.19 (VIOLATED)
_4446_/S1                               0.75    0.94   -0.19 (VIOLATED)
_4120_/A                                0.75    0.94   -0.19 (VIOLATED)
_4192_/A                                0.75    0.94   -0.19 (VIOLATED)
_4119_/X                                0.75    0.94   -0.19 (VIOLATED)
_4798_/S0                               0.75    0.93   -0.18 (VIOLATED)
_4851_/S0                               0.75    0.93   -0.18 (VIOLATED)
_4695_/S0                               0.75    0.93   -0.18 (VIOLATED)
_4895_/S0                               0.75    0.93   -0.18 (VIOLATED)
_5222_/S0                               0.75    0.93   -0.18 (VIOLATED)
_4944_/S0                               0.75    0.93   -0.18 (VIOLATED)
_4990_/S0                               0.75    0.93   -0.18 (VIOLATED)
_4693_/X                                0.75    0.93   -0.18 (VIOLATED)
_5037_/S0                               0.75    0.93   -0.18 (VIOLATED)
_5083_/S0                               0.75    0.93   -0.18 (VIOLATED)
_5176_/S0                               0.75    0.93   -0.18 (VIOLATED)
_5225_/S1                               0.75    0.93   -0.18 (VIOLATED)
_4838_/S1                               0.75    0.93   -0.18 (VIOLATED)
_4979_/S1                               0.75    0.93   -0.18 (VIOLATED)
_4863_/S1                               0.75    0.93   -0.18 (VIOLATED)
_4813_/S1                               0.75    0.93   -0.18 (VIOLATED)
_4734_/S1                               0.75    0.93   -0.18 (VIOLATED)
_4907_/S1                               0.75    0.93   -0.18 (VIOLATED)
_4924_/S1                               0.75    0.93   -0.18 (VIOLATED)
_5179_/S1                               0.75    0.93   -0.18 (VIOLATED)
_5118_/S1                               0.75    0.93   -0.18 (VIOLATED)
_4733_/X                                0.75    0.93   -0.18 (VIOLATED)
_5207_/S0                               0.75    0.93   -0.18 (VIOLATED)
_4693_/A                                0.75    0.93   -0.18 (VIOLATED)
_4690_/A                                0.75    0.93   -0.18 (VIOLATED)
_4696_/A                                0.75    0.93   -0.18 (VIOLATED)
_4686_/A                                0.75    0.93   -0.18 (VIOLATED)
_4756_/A                                0.75    0.93   -0.18 (VIOLATED)
_4718_/A                                0.75    0.93   -0.18 (VIOLATED)
_5237_/S0                               0.75    0.93   -0.18 (VIOLATED)
_4773_/A                                0.75    0.93   -0.18 (VIOLATED)
_4776_/A                                0.75    0.93   -0.18 (VIOLATED)
_4685_/X                                0.75    0.93   -0.18 (VIOLATED)
_4612_/S0                               0.75    0.93   -0.18 (VIOLATED)
_4564_/S0                               0.75    0.93   -0.18 (VIOLATED)
_4516_/S0                               0.75    0.93   -0.18 (VIOLATED)
_4468_/S0                               0.75    0.93   -0.18 (VIOLATED)
_4249_/S0                               0.75    0.93   -0.18 (VIOLATED)
_4298_/S0                               0.75    0.93   -0.18 (VIOLATED)
_4193_/S0                               0.75    0.93   -0.18 (VIOLATED)
_4419_/S0                               0.75    0.93   -0.18 (VIOLATED)
_4367_/S0                               0.75    0.93   -0.18 (VIOLATED)
_4660_/S0                               0.75    0.93   -0.18 (VIOLATED)
_4191_/X                                0.75    0.93   -0.18 (VIOLATED)
_4866_/S0                               0.75    0.92   -0.17 (VIOLATED)
_4816_/S0                               0.75    0.92   -0.17 (VIOLATED)
_4742_/S0                               0.75    0.92   -0.17 (VIOLATED)
_4911_/S0                               0.75    0.92   -0.17 (VIOLATED)
_5008_/S0                               0.75    0.92   -0.17 (VIOLATED)
_4961_/S0                               0.75    0.92   -0.17 (VIOLATED)
_5052_/S0                               0.75    0.92   -0.17 (VIOLATED)
_4927_/S0                               0.75    0.92   -0.17 (VIOLATED)
_5098_/S0                               0.75    0.92   -0.17 (VIOLATED)
_5068_/S0                               0.75    0.92   -0.17 (VIOLATED)
_4740_/X                                0.75    0.92   -0.17 (VIOLATED)
_4205_/S0                               0.75    0.92   -0.17 (VIOLATED)
_4258_/S0                               0.75    0.92   -0.17 (VIOLATED)
_4099_/S0                               0.75    0.92   -0.17 (VIOLATED)
_4306_/S0                               0.75    0.92   -0.17 (VIOLATED)
_4274_/S0                               0.75    0.92   -0.17 (VIOLATED)
_4223_/S0                               0.75    0.92   -0.17 (VIOLATED)
_4140_/S0                               0.75    0.92   -0.17 (VIOLATED)
_4324_/S0                               0.75    0.92   -0.17 (VIOLATED)
_4652_/S0                               0.75    0.92   -0.17 (VIOLATED)
_4668_/S0                               0.75    0.92   -0.17 (VIOLATED)
_4097_/X                                0.75    0.92   -0.17 (VIOLATED)
_4758_/S1                               0.75    0.92   -0.17 (VIOLATED)
_4822_/S1                               0.75    0.92   -0.17 (VIOLATED)
_4872_/S1                               0.75    0.92   -0.17 (VIOLATED)
_4844_/S1                               0.75    0.92   -0.17 (VIOLATED)
_4984_/S1                               0.75    0.92   -0.17 (VIOLATED)
_5123_/S1                               0.75    0.92   -0.17 (VIOLATED)
_5220_/S1                               0.75    0.92   -0.17 (VIOLATED)
_5128_/S1                               0.75    0.92   -0.17 (VIOLATED)
_5082_/S1                               0.75    0.92   -0.17 (VIOLATED)
_5174_/S1                               0.75    0.92   -0.17 (VIOLATED)
_4757_/X                                0.75    0.92   -0.17 (VIOLATED)
_4803_/S0                               0.75    0.92   -0.17 (VIOLATED)
_4855_/S0                               0.75    0.92   -0.17 (VIOLATED)
_4712_/S0                               0.75    0.92   -0.17 (VIOLATED)
_4899_/S0                               0.75    0.92   -0.17 (VIOLATED)
_5224_/S0                               0.75    0.92   -0.17 (VIOLATED)
_4948_/S0                               0.75    0.92   -0.17 (VIOLATED)
_4994_/S0                               0.75    0.92   -0.17 (VIOLATED)
_5041_/S0                               0.75    0.92   -0.17 (VIOLATED)
_5133_/S0                               0.75    0.92   -0.17 (VIOLATED)
_4710_/X                                0.75    0.92   -0.17 (VIOLATED)
_5087_/S0                               0.75    0.92   -0.17 (VIOLATED)
_4527_/S0                               0.75    0.92   -0.17 (VIOLATED)
_4511_/S0                               0.75    0.92   -0.17 (VIOLATED)
_4462_/S0                               0.75    0.92   -0.17 (VIOLATED)
_4479_/S0                               0.75    0.92   -0.17 (VIOLATED)
_4309_/S0                               0.75    0.92   -0.17 (VIOLATED)
_4379_/S0                               0.75    0.92   -0.17 (VIOLATED)
_4430_/S0                               0.75    0.92   -0.17 (VIOLATED)
_4307_/X                                0.75    0.92   -0.17 (VIOLATED)
_4325_/S0                               0.75    0.92   -0.17 (VIOLATED)
_4361_/S0                               0.75    0.92   -0.17 (VIOLATED)
_4414_/S0                               0.75    0.92   -0.17 (VIOLATED)
_4724_/S0                               0.75    0.90   -0.15 (VIOLATED)
_4858_/S0                               0.75    0.90   -0.15 (VIOLATED)
_4902_/S0                               0.75    0.90   -0.15 (VIOLATED)
_5228_/S0                               0.75    0.90   -0.15 (VIOLATED)
_4951_/S0                               0.75    0.90   -0.15 (VIOLATED)
_4997_/S0                               0.75    0.90   -0.15 (VIOLATED)
_5182_/S0                               0.75    0.90   -0.15 (VIOLATED)
_4722_/X                                0.75    0.90   -0.15 (VIOLATED)
_5044_/S0                               0.75    0.90   -0.15 (VIOLATED)
_5090_/S0                               0.75    0.90   -0.15 (VIOLATED)
_5136_/S0                               0.75    0.90   -0.15 (VIOLATED)
_5091_/S0                               0.75    0.90   -0.15 (VIOLATED)
_5183_/S0                               0.75    0.90   -0.15 (VIOLATED)
_5137_/S0                               0.75    0.90   -0.15 (VIOLATED)
_5045_/S0                               0.75    0.90   -0.15 (VIOLATED)
_4809_/S0                               0.75    0.90   -0.15 (VIOLATED)
_4859_/S0                               0.75    0.90   -0.15 (VIOLATED)
_4903_/S0                               0.75    0.90   -0.15 (VIOLATED)
_4998_/S0                               0.75    0.90   -0.15 (VIOLATED)
_4952_/S0                               0.75    0.90   -0.15 (VIOLATED)
_5229_/S0                               0.75    0.90   -0.15 (VIOLATED)
_4807_/X                                0.75    0.90   -0.15 (VIOLATED)
_4523_/S0                               0.75    0.90   -0.15 (VIOLATED)
_4571_/S0                               0.75    0.90   -0.15 (VIOLATED)
_4507_/S0                               0.75    0.90   -0.15 (VIOLATED)
_4555_/S0                               0.75    0.90   -0.15 (VIOLATED)
_4458_/S0                               0.75    0.90   -0.15 (VIOLATED)
_4375_/S0                               0.75    0.90   -0.15 (VIOLATED)
_4426_/S0                               0.75    0.90   -0.15 (VIOLATED)
_4355_/S0                               0.75    0.90   -0.15 (VIOLATED)
_4475_/S0                               0.75    0.90   -0.15 (VIOLATED)
_4408_/S0                               0.75    0.90   -0.15 (VIOLATED)
_4353_/X                                0.75    0.90   -0.15 (VIOLATED)
_5207_/S1                               0.75    0.89   -0.14 (VIOLATED)
_4694_/A                                0.75    0.89   -0.14 (VIOLATED)
_4691_/A                                0.75    0.89   -0.14 (VIOLATED)
_4697_/A                                0.75    0.89   -0.14 (VIOLATED)
_4688_/A                                0.75    0.89   -0.14 (VIOLATED)
_4757_/A                                0.75    0.89   -0.14 (VIOLATED)
_4719_/A                                0.75    0.89   -0.14 (VIOLATED)
_5237_/S1                               0.75    0.89   -0.14 (VIOLATED)
_4774_/A                                0.75    0.89   -0.14 (VIOLATED)
_4777_/A                                0.75    0.89   -0.14 (VIOLATED)
_4687_/X                                0.75    0.89   -0.14 (VIOLATED)
_4627_/S1                               0.75    0.88   -0.13 (VIOLATED)
_4579_/S1                               0.75    0.88   -0.13 (VIOLATED)
_4531_/S1                               0.75    0.88   -0.13 (VIOLATED)
_4383_/S1                               0.75    0.88   -0.13 (VIOLATED)
_4619_/S1                               0.75    0.88   -0.13 (VIOLATED)
_4603_/S1                               0.75    0.88   -0.13 (VIOLATED)
_4675_/S1                               0.75    0.88   -0.13 (VIOLATED)
_4651_/S1                               0.75    0.88   -0.13 (VIOLATED)
_4667_/S1                               0.75    0.88   -0.13 (VIOLATED)
_4149_/X                                0.75    0.88   -0.13 (VIOLATED)
_4150_/S1                               0.75    0.88   -0.13 (VIOLATED)
_4832_/S0                               0.75    0.88   -0.13 (VIOLATED)
_4879_/S0                               0.75    0.88   -0.13 (VIOLATED)
_4775_/S0                               0.75    0.88   -0.13 (VIOLATED)
_5021_/S0                               0.75    0.88   -0.13 (VIOLATED)
_4974_/S0                               0.75    0.88   -0.13 (VIOLATED)
_4780_/S0                               0.75    0.88   -0.13 (VIOLATED)
_4882_/S0                               0.75    0.88   -0.13 (VIOLATED)
_4773_/X                                0.75    0.88   -0.13 (VIOLATED)
_4835_/S0                               0.75    0.88   -0.13 (VIOLATED)
_4977_/S0                               0.75    0.88   -0.13 (VIOLATED)
_5024_/S0                               0.75    0.88   -0.13 (VIOLATED)
_5009_/S0                               0.75    0.87   -0.12 (VIOLATED)
_5053_/S0                               0.75    0.87   -0.12 (VIOLATED)
_4962_/S0                               0.75    0.87   -0.12 (VIOLATED)
_4930_/S0                               0.75    0.87   -0.12 (VIOLATED)
_5191_/S0                               0.75    0.87   -0.12 (VIOLATED)
_5145_/S0                               0.75    0.87   -0.12 (VIOLATED)
_5099_/S0                               0.75    0.87   -0.12 (VIOLATED)
_5069_/S0                               0.75    0.87   -0.12 (VIOLATED)
_4928_/X                                0.75    0.87   -0.12 (VIOLATED)
_5115_/S0                               0.75    0.87   -0.12 (VIOLATED)
_5161_/S0                               0.75    0.87   -0.12 (VIOLATED)
_5158_/S0                               0.75    0.86   -0.11 (VIOLATED)
_5204_/S0                               0.75    0.86   -0.11 (VIOLATED)
_5066_/S0                               0.75    0.86   -0.11 (VIOLATED)
_5112_/S0                               0.75    0.86   -0.11 (VIOLATED)
_5142_/S0                               0.75    0.86   -0.11 (VIOLATED)
_4255_/S0                               0.75    0.86   -0.11 (VIOLATED)
_4203_/S0                               0.75    0.86   -0.11 (VIOLATED)
_5096_/S0                               0.75    0.86   -0.11 (VIOLATED)
_4093_/S0                               0.75    0.86   -0.11 (VIOLATED)
_4304_/S0                               0.75    0.86   -0.11 (VIOLATED)
_5188_/S0                               0.75    0.86   -0.11 (VIOLATED)
_4221_/S0                               0.75    0.86   -0.11 (VIOLATED)
_4272_/S0                               0.75    0.86   -0.11 (VIOLATED)
_4138_/S0                               0.75    0.86   -0.11 (VIOLATED)
_5050_/S0                               0.75    0.86   -0.11 (VIOLATED)
_4322_/S0                               0.75    0.86   -0.11 (VIOLATED)
_4090_/X                                0.75    0.86   -0.11 (VIOLATED)
_4356_/S0                               0.75    0.86   -0.11 (VIOLATED)
_4376_/S0                               0.75    0.86   -0.11 (VIOLATED)
_5006_/S0                               0.75    0.86   -0.11 (VIOLATED)
_5004_/X                                0.75    0.86   -0.11 (VIOLATED)
_5234_/S0                               0.75    0.86   -0.11 (VIOLATED)
_5003_/S0                               0.75    0.86   -0.11 (VIOLATED)
_4958_/S0                               0.75    0.86   -0.11 (VIOLATED)
_5049_/S0                               0.75    0.86   -0.11 (VIOLATED)
_5187_/S0                               0.75    0.86   -0.11 (VIOLATED)
_5141_/S0                               0.75    0.86   -0.11 (VIOLATED)
_5095_/S0                               0.75    0.86   -0.11 (VIOLATED)
_4956_/X                                0.75    0.86   -0.11 (VIOLATED)
_5065_/S0                               0.75    0.86   -0.11 (VIOLATED)
_5111_/S0                               0.75    0.86   -0.11 (VIOLATED)
_5157_/S0                               0.75    0.86   -0.11 (VIOLATED)
_5203_/S0                               0.75    0.86   -0.11 (VIOLATED)
_4204_/S                                0.75    0.85   -0.10 (VIOLATED)
_4096_/S                                0.75    0.85   -0.10 (VIOLATED)
_4222_/S                                0.75    0.85   -0.10 (VIOLATED)
_4139_/S                                0.75    0.85   -0.10 (VIOLATED)
_4151_/S                                0.75    0.85   -0.10 (VIOLATED)
_4628_/S                                0.75    0.85   -0.10 (VIOLATED)
_4532_/S                                0.75    0.85   -0.10 (VIOLATED)
_4580_/S                                0.75    0.85   -0.10 (VIOLATED)
_4676_/S                                0.75    0.85   -0.10 (VIOLATED)
_4384_/S                                0.75    0.85   -0.10 (VIOLATED)
_4095_/X                                0.75    0.85   -0.10 (VIOLATED)
_4834_/S0                               0.75    0.85   -0.10 (VIOLATED)
_4881_/S0                               0.75    0.85   -0.10 (VIOLATED)
_4779_/S0                               0.75    0.85   -0.10 (VIOLATED)
_4976_/S0                               0.75    0.85   -0.10 (VIOLATED)
_5023_/S0                               0.75    0.85   -0.10 (VIOLATED)
_4776_/X                                0.75    0.85   -0.10 (VIOLATED)
_4778_/S0                               0.75    0.85   -0.10 (VIOLATED)
_4833_/S0                               0.75    0.85   -0.10 (VIOLATED)
_4880_/S0                               0.75    0.85   -0.10 (VIOLATED)
_4975_/S0                               0.75    0.85   -0.10 (VIOLATED)
_5022_/S0                               0.75    0.85   -0.10 (VIOLATED)
_4865_/S                                0.75    0.84   -0.09 (VIOLATED)
_4815_/S                                0.75    0.84   -0.09 (VIOLATED)
_4739_/S                                0.75    0.84   -0.09 (VIOLATED)
_4840_/S                                0.75    0.84   -0.09 (VIOLATED)
_5226_/S                                0.75    0.84   -0.09 (VIOLATED)
_4981_/S                                0.75    0.84   -0.09 (VIOLATED)
_5134_/S                                0.75    0.84   -0.09 (VIOLATED)
_5088_/S                                0.75    0.84   -0.09 (VIOLATED)
_5180_/S                                0.75    0.84   -0.09 (VIOLATED)
_5120_/S                                0.75    0.84   -0.09 (VIOLATED)
_4738_/X                                0.75    0.84   -0.09 (VIOLATED)
_4574_/S0                               0.75    0.84   -0.09 (VIOLATED)
_4526_/S0                               0.75    0.84   -0.09 (VIOLATED)
_4510_/S0                               0.75    0.84   -0.09 (VIOLATED)
_4558_/S0                               0.75    0.84   -0.09 (VIOLATED)
_4461_/S0                               0.75    0.84   -0.09 (VIOLATED)
_4478_/S0                               0.75    0.84   -0.09 (VIOLATED)
_4378_/S0                               0.75    0.84   -0.09 (VIOLATED)
_4429_/S0                               0.75    0.84   -0.09 (VIOLATED)
_4358_/X                                0.75    0.84   -0.09 (VIOLATED)
_4360_/S0                               0.75    0.84   -0.09 (VIOLATED)
_4413_/S0                               0.75    0.84   -0.09 (VIOLATED)
_4282_/S0                               0.75    0.83   -0.08 (VIOLATED)
_4145_/A                                0.75    0.83   -0.08 (VIOLATED)
_4184_/A                                0.75    0.83   -0.08 (VIOLATED)
_4181_/A                                0.75    0.83   -0.08 (VIOLATED)
_4332_/S0                               0.75    0.83   -0.08 (VIOLATED)
_4486_/S0                               0.75    0.83   -0.08 (VIOLATED)
_4437_/S0                               0.75    0.83   -0.08 (VIOLATED)
_4085_/A                                0.75    0.83   -0.08 (VIOLATED)
_4148_/A                                0.75    0.83   -0.08 (VIOLATED)
_4084_/X                                0.75    0.83   -0.08 (VIOLATED)
_4353_/A                                0.75    0.83   -0.08 (VIOLATED)
_4698_/S1                               0.75    0.82   -0.07 (VIOLATED)
_4799_/S1                               0.75    0.82   -0.07 (VIOLATED)
_4852_/S1                               0.75    0.82   -0.07 (VIOLATED)
_4896_/S1                               0.75    0.82   -0.07 (VIOLATED)
_4945_/S1                               0.75    0.82   -0.07 (VIOLATED)
_4991_/S1                               0.75    0.82   -0.07 (VIOLATED)
_5038_/S1                               0.75    0.82   -0.07 (VIOLATED)
_5084_/S1                               0.75    0.82   -0.07 (VIOLATED)
_5130_/S1                               0.75    0.82   -0.07 (VIOLATED)
_5219_/S1                               0.75    0.82   -0.07 (VIOLATED)
_4697_/X                                0.75    0.82   -0.07 (VIOLATED)
_4209_/S                                0.75    0.81   -0.06 (VIOLATED)
_4261_/S                                0.75    0.81   -0.06 (VIOLATED)
_4107_/S                                0.75    0.81   -0.06 (VIOLATED)
_4311_/S                                0.75    0.81   -0.06 (VIOLATED)
_4226_/S                                0.75    0.81   -0.06 (VIOLATED)
_4277_/S                                0.75    0.81   -0.06 (VIOLATED)
_4143_/S                                0.75    0.81   -0.06 (VIOLATED)
_4327_/S                                0.75    0.81   -0.06 (VIOLATED)
_4665_/B2                               0.75    0.81   -0.06 (VIOLATED)
_4617_/B2                               0.75    0.81   -0.06 (VIOLATED)
_4106_/X                                0.75    0.81   -0.06 (VIOLATED)
_4403_/S1                               0.75    0.81   -0.06 (VIOLATED)
_4454_/S1                               0.75    0.81   -0.06 (VIOLATED)
_4349_/S1                               0.75    0.81   -0.06 (VIOLATED)
_4154_/S1                               0.75    0.81   -0.06 (VIOLATED)
_4385_/S1                               0.75    0.81   -0.06 (VIOLATED)
_4599_/S1                               0.75    0.81   -0.06 (VIOLATED)
_4647_/S1                               0.75    0.81   -0.06 (VIOLATED)
_4503_/S1                               0.75    0.81   -0.06 (VIOLATED)
_4551_/S1                               0.75    0.81   -0.06 (VIOLATED)
_4533_/S1                               0.75    0.81   -0.06 (VIOLATED)
_4153_/X                                0.75    0.81   -0.06 (VIOLATED)
_4600_/S                                0.75    0.79   -0.04 (VIOLATED)
_4648_/S                                0.75    0.79   -0.04 (VIOLATED)
_4504_/S                                0.75    0.79   -0.04 (VIOLATED)
_4552_/S                                0.75    0.79   -0.04 (VIOLATED)
_4720_/S1                               0.75    0.79   -0.04 (VIOLATED)
_4806_/S1                               0.75    0.79   -0.04 (VIOLATED)
_4484_/S                                0.75    0.79   -0.04 (VIOLATED)
_4435_/S                                0.75    0.79   -0.04 (VIOLATED)
_4330_/S                                0.75    0.79   -0.04 (VIOLATED)
_4130_/X                                0.75    0.79   -0.04 (VIOLATED)
_4131_/S                                0.75    0.79   -0.04 (VIOLATED)
_4231_/S                                0.75    0.79   -0.04 (VIOLATED)
_4280_/S                                0.75    0.79   -0.04 (VIOLATED)
_5242_/S1                               0.75    0.79   -0.04 (VIOLATED)
_4917_/S1                               0.75    0.79   -0.04 (VIOLATED)
_5014_/S1                               0.75    0.79   -0.04 (VIOLATED)
_5058_/S1                               0.75    0.79   -0.04 (VIOLATED)
_4967_/S1                               0.75    0.79   -0.04 (VIOLATED)
_5104_/S1                               0.75    0.79   -0.04 (VIOLATED)
_5196_/S1                               0.75    0.79   -0.04 (VIOLATED)
_5150_/S1                               0.75    0.79   -0.04 (VIOLATED)
_4719_/X                                0.75    0.79   -0.04 (VIOLATED)
_4850_/S1                               0.75    0.79   -0.04 (VIOLATED)
_4797_/S1                               0.75    0.79   -0.04 (VIOLATED)
_4692_/S1                               0.75    0.79   -0.04 (VIOLATED)
_4894_/S1                               0.75    0.79   -0.04 (VIOLATED)
_4740_/A                                0.75    0.79   -0.04 (VIOLATED)
_4928_/A                                0.75    0.79   -0.04 (VIOLATED)
_4743_/A                                0.75    0.79   -0.04 (VIOLATED)
_5221_/S1                               0.75    0.79   -0.04 (VIOLATED)
_4956_/A                                0.75    0.79   -0.04 (VIOLATED)
_4943_/S1                               0.75    0.79   -0.04 (VIOLATED)
_4989_/S1                               0.75    0.79   -0.04 (VIOLATED)
_5036_/S1                               0.75    0.79   -0.04 (VIOLATED)
_4731_/A                                0.75    0.79   -0.04 (VIOLATED)
_5129_/S1                               0.75    0.79   -0.04 (VIOLATED)
_4691_/X                                0.75    0.79   -0.04 (VIOLATED)
_5175_/S1                               0.75    0.79   -0.04 (VIOLATED)
_4735_/A                                0.75    0.79   -0.04 (VIOLATED)
_5214_/S0                               0.75    0.79   -0.04 (VIOLATED)
_4706_/A                                0.75    0.79   -0.04 (VIOLATED)
_4710_/A                                0.75    0.79   -0.04 (VIOLATED)
_5004_/A                                0.75    0.79   -0.04 (VIOLATED)
_4705_/X                                0.75    0.79   -0.04 (VIOLATED)
_4233_/S1                               0.75    0.79   -0.04 (VIOLATED)
_4282_/S1                               0.75    0.79   -0.04 (VIOLATED)
_4146_/A                                0.75    0.79   -0.04 (VIOLATED)
_4572_/S0                               0.75    0.79   -0.04 (VIOLATED)
_4524_/S0                               0.75    0.79   -0.04 (VIOLATED)
_4620_/S0                               0.75    0.79   -0.04 (VIOLATED)
_4332_/S1                               0.75    0.79   -0.04 (VIOLATED)
_4604_/S0                               0.75    0.79   -0.04 (VIOLATED)
_4508_/S0                               0.75    0.79   -0.04 (VIOLATED)
_4485_/S1                               0.75    0.79   -0.04 (VIOLATED)
_4486_/S1                               0.75    0.79   -0.04 (VIOLATED)
_4556_/S0                               0.75    0.79   -0.04 (VIOLATED)
_4437_/S1                               0.75    0.79   -0.04 (VIOLATED)
_4459_/S0                               0.75    0.79   -0.04 (VIOLATED)
_4476_/S0                               0.75    0.79   -0.04 (VIOLATED)
_4411_/S0                               0.75    0.79   -0.04 (VIOLATED)
_4409_/X                                0.75    0.79   -0.04 (VIOLATED)
_4427_/S0                               0.75    0.79   -0.04 (VIOLATED)
_4087_/A                                0.75    0.79   -0.04 (VIOLATED)
_4149_/A                                0.75    0.79   -0.04 (VIOLATED)
_4086_/X                                0.75    0.79   -0.04 (VIOLATED)
_4354_/A                                0.75    0.79   -0.04 (VIOLATED)
_4868_/S                                0.75    0.78   -0.03 (VIOLATED)
_4818_/S                                0.75    0.78   -0.03 (VIOLATED)
_4747_/S                                0.75    0.78   -0.03 (VIOLATED)
_5235_/S                                0.75    0.78   -0.03 (VIOLATED)
_4913_/S                                0.75    0.78   -0.03 (VIOLATED)
_5010_/S                                0.75    0.78   -0.03 (VIOLATED)
_4963_/S                                0.75    0.78   -0.03 (VIOLATED)
_4931_/S                                0.75    0.78   -0.03 (VIOLATED)
_5189_/S                                0.75    0.78   -0.03 (VIOLATED)
_4746_/X                                0.75    0.78   -0.03 (VIOLATED)
_5205_/S                                0.75    0.78   -0.03 (VIOLATED)
_5199_/S1                               0.75    0.77   -0.02 (VIOLATED)
_5153_/S1                               0.75    0.77   -0.02 (VIOLATED)
_5107_/S1                               0.75    0.77   -0.02 (VIOLATED)
_4970_/S1                               0.75    0.77   -0.02 (VIOLATED)
_5061_/S1                               0.75    0.77   -0.02 (VIOLATED)
_4828_/S1                               0.75    0.77   -0.02 (VIOLATED)
_4875_/S1                               0.75    0.77   -0.02 (VIOLATED)
_5245_/S1                               0.75    0.77   -0.02 (VIOLATED)
_5017_/S1                               0.75    0.77   -0.02 (VIOLATED)
_4920_/S1                               0.75    0.77   -0.02 (VIOLATED)
_4827_/X                                0.75    0.77   -0.02 (VIOLATED)
_4726_/S                                0.75    0.77   -0.02 (VIOLATED)
_4860_/S                                0.75    0.77   -0.02 (VIOLATED)
_4810_/S                                0.75    0.77   -0.02 (VIOLATED)
_4904_/S                                0.75    0.77   -0.02 (VIOLATED)
_5243_/A1                               0.75    0.77   -0.02 (VIOLATED)
_4953_/S                                0.75    0.77   -0.02 (VIOLATED)
_5105_/A1                               0.75    0.77   -0.02 (VIOLATED)
_5151_/A1                               0.75    0.77   -0.02 (VIOLATED)
_5197_/A1                               0.75    0.77   -0.02 (VIOLATED)
_4999_/S                                0.75    0.77   -0.02 (VIOLATED)
_4725_/X                                0.75    0.77   -0.02 (VIOLATED)
_4547_/S1                               0.75    0.77   -0.02 (VIOLATED)
_4530_/S1                               0.75    0.77   -0.02 (VIOLATED)
_4643_/S1                               0.75    0.77   -0.02 (VIOLATED)
_4578_/S1                               0.75    0.77   -0.02 (VIOLATED)
_4595_/S1                               0.75    0.77   -0.02 (VIOLATED)
_4499_/S1                               0.75    0.77   -0.02 (VIOLATED)
_4382_/S1                               0.75    0.77   -0.02 (VIOLATED)
_4450_/S1                               0.75    0.77   -0.02 (VIOLATED)
_4146_/X                                0.75    0.77   -0.02 (VIOLATED)
_4147_/S1                               0.75    0.77   -0.02 (VIOLATED)
_4399_/S1                               0.75    0.77   -0.02 (VIOLATED)
_4573_/S                                0.75    0.76   -0.01 (VIOLATED)
_4557_/S                                0.75    0.76   -0.01 (VIOLATED)
_4621_/S                                0.75    0.76   -0.01 (VIOLATED)
_4605_/S                                0.75    0.76   -0.01 (VIOLATED)
_4525_/S                                0.75    0.76   -0.01 (VIOLATED)
_4509_/S                                0.75    0.76   -0.01 (VIOLATED)
_4104_/S                                0.75    0.76   -0.01 (VIOLATED)
_4142_/S                                0.75    0.76   -0.01 (VIOLATED)
_4653_/S                                0.75    0.76   -0.01 (VIOLATED)
_4669_/S                                0.75    0.76   -0.01 (VIOLATED)
_4103_/X                                0.75    0.76   -0.01 (VIOLATED)
_4626_/S1                               0.75    0.76   -0.01 (VIOLATED)
_4674_/S1                               0.75    0.76   -0.01 (VIOLATED)
_4321_/S1                               0.75    0.76   -0.01 (VIOLATED)
_4254_/S1                               0.75    0.76   -0.01 (VIOLATED)
_4202_/S1                               0.75    0.76   -0.01 (VIOLATED)
_4088_/S1                               0.75    0.76   -0.01 (VIOLATED)
_4303_/S1                               0.75    0.76   -0.01 (VIOLATED)
_4271_/S1                               0.75    0.76   -0.01 (VIOLATED)
_4220_/S1                               0.75    0.76   -0.01 (VIOLATED)
_4137_/S1                               0.75    0.76   -0.01 (VIOLATED)
_4087_/X                                0.75    0.76   -0.01 (VIOLATED)
_5155_/B2                               0.75    0.76   -0.01 (VIOLATED)
_5201_/B2                               0.75    0.76   -0.01 (VIOLATED)
_4819_/S                                0.75    0.76   -0.01 (VIOLATED)
_4869_/S                                0.75    0.76   -0.01 (VIOLATED)
_4749_/S                                0.75    0.76   -0.01 (VIOLATED)
_5247_/B2                               0.75    0.76   -0.01 (VIOLATED)
_4932_/S                                0.75    0.76   -0.01 (VIOLATED)
_4964_/S                                0.75    0.76   -0.01 (VIOLATED)
_4914_/S                                0.75    0.76   -0.01 (VIOLATED)
_5011_/S                                0.75    0.76   -0.01 (VIOLATED)
_4748_/X                                0.75    0.76   -0.01 (VIOLATED)


max slew violations count Typical: 825
max fanout violations count Typical: 0
max cap violations count Typical: 0

===========================================================================
report_parasitic_annotation -report_unannotated
============================================================================
Found 1 unannotated drivers.
 clk
Found 0 partially unannotated drivers.

===========================================================================
max slew violation count 825
max fanout violation count 0
max cap violation count 0
============================================================================

===========================================================================
check_setup -verbose -unconstrained_endpoints -multiple_clock -no_clock -no_input_delay -loops -generated_clocks
===========================================================================
